Archive member included because of file (symbol)

/home/hwang/altera/11.0/nios2eds/bin/gnu/H-i686-pc-linux-gnu/bin/../lib/gcc/nios2-elf/4.1.2/../../../../nios2-elf/lib/mno-hw-mul/libc.a(lib_a-impure.o)
                              obj/debug.o (_impure_ptr)
/home/hwang/altera/11.0/nios2eds/bin/gnu/H-i686-pc-linux-gnu/bin/../lib/gcc/nios2-elf/4.1.2/../../../../nios2-elf/lib/mno-hw-mul/libc.a(lib_a-printf.o)
                              obj/main.o (printf)
/home/hwang/altera/11.0/nios2eds/bin/gnu/H-i686-pc-linux-gnu/bin/../lib/gcc/nios2-elf/4.1.2/../../../../nios2-elf/lib/mno-hw-mul/libc.a(lib_a-vfprintf.o)
                              /home/hwang/altera/11.0/nios2eds/bin/gnu/H-i686-pc-linux-gnu/bin/../lib/gcc/nios2-elf/4.1.2/../../../../nios2-elf/lib/mno-hw-mul/libc.a(lib_a-printf.o) (___vfprintf_internal_r)
/home/hwang/altera/11.0/nios2eds/bin/gnu/H-i686-pc-linux-gnu/bin/../lib/gcc/nios2-elf/4.1.2/../../../../nios2-elf/lib/mno-hw-mul/libc.a(lib_a-vfprintf_1.o)
                              obj/debug.o (vfprintf)
/home/hwang/altera/11.0/nios2eds/bin/gnu/H-i686-pc-linux-gnu/bin/../lib/gcc/nios2-elf/4.1.2/../../../../nios2-elf/lib/mno-hw-mul/libc.a(lib_a-wsetup.o)
                              /home/hwang/altera/11.0/nios2eds/bin/gnu/H-i686-pc-linux-gnu/bin/../lib/gcc/nios2-elf/4.1.2/../../../../nios2-elf/lib/mno-hw-mul/libc.a(lib_a-vfprintf.o) (__swsetup_r)
/home/hwang/altera/11.0/nios2eds/bin/gnu/H-i686-pc-linux-gnu/bin/../lib/gcc/nios2-elf/4.1.2/../../../../nios2-elf/lib/mno-hw-mul/libc.a(lib_a-dtoa.o)
                              /home/hwang/altera/11.0/nios2eds/bin/gnu/H-i686-pc-linux-gnu/bin/../lib/gcc/nios2-elf/4.1.2/../../../../nios2-elf/lib/mno-hw-mul/libc.a(lib_a-vfprintf.o) (_dtoa_r)
/home/hwang/altera/11.0/nios2eds/bin/gnu/H-i686-pc-linux-gnu/bin/../lib/gcc/nios2-elf/4.1.2/../../../../nios2-elf/lib/mno-hw-mul/libc.a(lib_a-fflush.o)
                              /home/hwang/altera/11.0/nios2eds/bin/gnu/H-i686-pc-linux-gnu/bin/../lib/gcc/nios2-elf/4.1.2/../../../../nios2-elf/lib/mno-hw-mul/libc.a(lib_a-vfprintf.o) (_fflush_r)
/home/hwang/altera/11.0/nios2eds/bin/gnu/H-i686-pc-linux-gnu/bin/../lib/gcc/nios2-elf/4.1.2/../../../../nios2-elf/lib/mno-hw-mul/libc.a(lib_a-findfp.o)
                              /home/hwang/altera/11.0/nios2eds/bin/gnu/H-i686-pc-linux-gnu/bin/../lib/gcc/nios2-elf/4.1.2/../../../../nios2-elf/lib/mno-hw-mul/libc.a(lib_a-vfprintf.o) (__sinit)
/home/hwang/altera/11.0/nios2eds/bin/gnu/H-i686-pc-linux-gnu/bin/../lib/gcc/nios2-elf/4.1.2/../../../../nios2-elf/lib/mno-hw-mul/libc.a(lib_a-freer.o)
                              /home/hwang/altera/11.0/nios2eds/bin/gnu/H-i686-pc-linux-gnu/bin/../lib/gcc/nios2-elf/4.1.2/../../../../nios2-elf/lib/mno-hw-mul/libc.a(lib_a-wsetup.o) (_free_r)
/home/hwang/altera/11.0/nios2eds/bin/gnu/H-i686-pc-linux-gnu/bin/../lib/gcc/nios2-elf/4.1.2/../../../../nios2-elf/lib/mno-hw-mul/libc.a(lib_a-fvwrite.o)
                              /home/hwang/altera/11.0/nios2eds/bin/gnu/H-i686-pc-linux-gnu/bin/../lib/gcc/nios2-elf/4.1.2/../../../../nios2-elf/lib/mno-hw-mul/libc.a(lib_a-vfprintf.o) (__sfvwrite_r)
/home/hwang/altera/11.0/nios2eds/bin/gnu/H-i686-pc-linux-gnu/bin/../lib/gcc/nios2-elf/4.1.2/../../../../nios2-elf/lib/mno-hw-mul/libc.a(lib_a-fwalk.o)
                              /home/hwang/altera/11.0/nios2eds/bin/gnu/H-i686-pc-linux-gnu/bin/../lib/gcc/nios2-elf/4.1.2/../../../../nios2-elf/lib/mno-hw-mul/libc.a(lib_a-fflush.o) (_fwalk_reent)
/home/hwang/altera/11.0/nios2eds/bin/gnu/H-i686-pc-linux-gnu/bin/../lib/gcc/nios2-elf/4.1.2/../../../../nios2-elf/lib/mno-hw-mul/libc.a(lib_a-locale.o)
                              /home/hwang/altera/11.0/nios2eds/bin/gnu/H-i686-pc-linux-gnu/bin/../lib/gcc/nios2-elf/4.1.2/../../../../nios2-elf/lib/mno-hw-mul/libc.a(lib_a-vfprintf.o) (_localeconv_r)
/home/hwang/altera/11.0/nios2eds/bin/gnu/H-i686-pc-linux-gnu/bin/../lib/gcc/nios2-elf/4.1.2/../../../../nios2-elf/lib/mno-hw-mul/libc.a(lib_a-makebuf.o)
                              /home/hwang/altera/11.0/nios2eds/bin/gnu/H-i686-pc-linux-gnu/bin/../lib/gcc/nios2-elf/4.1.2/../../../../nios2-elf/lib/mno-hw-mul/libc.a(lib_a-wsetup.o) (__smakebuf_r)
/home/hwang/altera/11.0/nios2eds/bin/gnu/H-i686-pc-linux-gnu/bin/../lib/gcc/nios2-elf/4.1.2/../../../../nios2-elf/lib/mno-hw-mul/libc.a(lib_a-mallocr.o)
                              /home/hwang/altera/11.0/nios2eds/bin/gnu/H-i686-pc-linux-gnu/bin/../lib/gcc/nios2-elf/4.1.2/../../../../nios2-elf/lib/mno-hw-mul/libc.a(lib_a-findfp.o) (_malloc_r)
/home/hwang/altera/11.0/nios2eds/bin/gnu/H-i686-pc-linux-gnu/bin/../lib/gcc/nios2-elf/4.1.2/../../../../nios2-elf/lib/mno-hw-mul/libc.a(lib_a-memchr.o)
                              /home/hwang/altera/11.0/nios2eds/bin/gnu/H-i686-pc-linux-gnu/bin/../lib/gcc/nios2-elf/4.1.2/../../../../nios2-elf/lib/mno-hw-mul/libc.a(lib_a-vfprintf.o) (memchr)
[...]
Memory Configuration

Name             Origin             Length             Attributes
reset            0x00020000         0x00000020
nios_base_onchip_ram 0x00020020         0x0001ffe0
*default*        0x00000000         0xffffffff

Linker script and memory map

LOAD ../sonic_app_bsp//obj/HAL/src/crt0.o
LOAD obj/debug.o
LOAD obj/main.o
LOAD obj/routines.o
LOAD obj/sonic_io.o
LOAD /home/hwang/altera/11.0/nios2eds/bin/gnu/H-i686-pc-linux-gnu/bin/../lib/gcc/nios2-elf/4.1.2/../../../../nios2-elf/lib/mno-hw-mul/libstdc++.a
LOAD /home/hwang/altera/11.0/nios2eds/bin/gnu/H-i686-pc-linux-gnu/bin/../lib/gcc/nios2-elf/4.1.2/../../../../nios2-elf/lib/mno-hw-mul/libm.a
LOAD /home/hwang/altera/11.0/nios2eds/bin/gnu/H-i686-pc-linux-gnu/bin/../lib/gcc/nios2-elf/4.1.2/mno-hw-mul/libgcc.a
START GROUP
LOAD /home/hwang/altera/11.0/nios2eds/bin/gnu/H-i686-pc-linux-gnu/bin/../lib/gcc/nios2-elf/4.1.2/../../../../nios2-elf/lib/mno-hw-mul/libc.a
LOAD /home/hwang/altera/11.0/nios2eds/bin/gnu/H-i686-pc-linux-gnu/bin/../lib/gcc/nios2-elf/4.1.2/mno-hw-mul/libgcc.a
LOAD ../sonic_app_bsp//libhal_bsp.a
END GROUP
LOAD /home/hwang/altera/11.0/nios2eds/bin/gnu/H-i686-pc-linux-gnu/bin/../lib/gcc/nios2-elf/4.1.2/mno-hw-mul/libgcc.a
                0x00020000                __alt_mem_nios_base_onchip_ram = 0x20000

.entry          0x00020000       0x20
 *(.entry)
 .entry         0x00020000       0x20 ../sonic_app_bsp//obj/HAL/src/crt0.o
                0x00020000                __reset

.exceptions     0x00020020      0x194
                0x00020020                PROVIDE (__ram_exceptions_start, ABSOLUTE (.))
                0x00020020                . = ALIGN (0x20)
 *(.irq)
 *(.exceptions.entry.label)
 .exceptions.entry.label
                0x00020020        0x0 ../sonic_app_bsp//libhal_bsp.a(alt_irq_entry.o)
                0x00020020                alt_irq_entry
 .exceptions.entry.label
                0x00020020        0x0 ../sonic_app_bsp//libhal_bsp.a(alt_exception_entry.o)
                0x00020020                alt_exception
 *(.exceptions.entry.user)
 *(.exceptions.entry)
 .exceptions.entry
                0x00020020       0x54 ../sonic_app_bsp//libhal_bsp.a(alt_exception_entry.o)
 *(.exceptions.irqtest.user)
 *(.exceptions.irqtest)
 .exceptions.irqtest
                0x00020074       0x10 ../sonic_app_bsp//libhal_bsp.a(alt_irq_entry.o)
 *(.exceptions.irqhandler.user)
 *(.exceptions.irqhandler)
 .exceptions.irqhandler
                0x00020084        0x4 ../sonic_app_bsp//libhal_bsp.a(alt_irq_entry.o)
 *(.exceptions.irqreturn.user)
 *(.exceptions.irqreturn)
 .exceptions.irqreturn
                0x00020088        0x4 ../sonic_app_bsp//libhal_bsp.a(alt_irq_entry.o)
 *(.exceptions.notirq.label)
 .exceptions.notirq.label
                0x0002008c        0x0 ../sonic_app_bsp//libhal_bsp.a(alt_irq_entry.o)
 *(.exceptions.notirq.user)
 *(.exceptions.notirq)
 .exceptions.notirq
                0x0002008c        0x8 ../sonic_app_bsp//libhal_bsp.a(alt_exception_entry.o)
 *(.exceptions.soft.user)
 *(.exceptions.soft)
 *(.exceptions.unknown.user)
 *(.exceptions.unknown)
 .exceptions.unknown
                0x00020094        0x4 ../sonic_app_bsp//libhal_bsp.a(alt_exception_entry.o)
 *(.exceptions.exit.label)
 .exceptions.exit.label
                0x00020098        0x0 ../sonic_app_bsp//libhal_bsp.a(alt_irq_entry.o)
 .exceptions.exit.label
                0x00020098        0x0 ../sonic_app_bsp//libhal_bsp.a(alt_exception_entry.o)
 *(.exceptions.exit.user)
 *(.exceptions.exit)
 .exceptions.exit
                0x00020098       0x54 ../sonic_app_bsp//libhal_bsp.a(alt_exception_entry.o)
 *(.exceptions)
 .exceptions    0x000200ec       0xc8 ../sonic_app_bsp//libhal_bsp.a(alt_irq_handler.o)
                0x000200ec                alt_irq_handler
                0x000201b4                PROVIDE (__ram_exceptions_end, ABSOLUTE (.))
                0x00020020                PROVIDE (__flash_exceptions_start, LOADADDR (.exceptions))

.text           0x000201b4     0xd1bc
                0x000201b4                PROVIDE (stext, ABSOLUTE (.))
 *(.interp)
 *(.hash)
 *(.dynsym)
 *(.dynstr)
 *(.gnu.version)
 *(.gnu.version_d)
 *(.gnu.version_r)
 *(.rel.init)
 *(.rela.init)
 *(.rel.text .rel.text.* .rel.gnu.linkonce.t.*)
 *(.rela.text .rela.text.* .rela.gnu.linkonce.t.*)
 *(.rel.fini)
 *(.rela.fini)
 *(.rel.rodata .rel.rodata.* .rel.gnu.linkonce.r.*)
 *(.rela.rodata .rela.rodata.* .rela.gnu.linkonce.r.*)
 *(.rel.data .rel.data.* .rel.gnu.linkonce.d.*)
 *(.rela.data .rela.data.* .rela.gnu.linkonce.d.*)
 *(.rel.tdata .rel.tdata.* .rel.gnu.linkonce.td.*)
 *(.rela.tdata .rela.tdata.* .rela.gnu.linkonce.td.*)
 *(.rel.tbss .rel.tbss.* .rel.gnu.linkonce.tb.*)
 *(.rela.tbss .rela.tbss.* .rela.gnu.linkonce.tb.*)
 *(.rel.ctors)
 *(.rela.ctors)
 *(.rel.dtors)
 *(.rela.dtors)
 *(.rel.got)
 *(.rela.got)
 *(.rel.sdata .rel.sdata.* .rel.gnu.linkonce.s.*)
 *(.rela.sdata .rela.sdata.* .rela.gnu.linkonce.s.*)
 *(.rel.sbss .rel.sbss.* .rel.gnu.linkonce.sb.*)
 *(.rela.sbss .rela.sbss.* .rela.gnu.linkonce.sb.*)
 *(.rel.sdata2 .rel.sdata2.* .rel.gnu.linkonce.s2.*)
 *(.rela.sdata2 .rela.sdata2.* .rela.gnu.linkonce.s2.*)
 *(.rel.sbss2 .rel.sbss2.* .rel.gnu.linkonce.sb2.*)
 *(.rela.sbss2 .rela.sbss2.* .rela.gnu.linkonce.sb2.*)
 *(.rel.bss .rel.bss.* .rel.gnu.linkonce.b.*)
 *(.rela.bss .rela.bss.* .rela.gnu.linkonce.b.*)
 *(.rel.plt)
 *(.rela.plt)
 *(.rel.dyn)
 *(.init)
 *(.plt)
 *(.text .stub .text.* .gnu.linkonce.t.*)
 .text          0x000201b4       0x3c ../sonic_app_bsp//obj/HAL/src/crt0.o
                0x000201b4                _start
 .text          0x000201f0       0xa4 obj/debug.o
                0x000201f0                debug_printf
                0x00020238                pmesg
 .text          0x00020294      0x29c obj/main.o
                0x00020434                execute
                0x000204e8                main
 .text          0x00020530      0x87c obj/routines.o
                0x00020530                wr32
                0x000205a0                rd32
                0x00020610                stats
                0x0002062c                read_pma_controller
                0x00020648                read_pma_reset_controller
                0x00020664                read_pma_ch_controller
                0x00020680                read_mdio
                0x00020760                write_mdio
                0x00020844                wait_on_reset
                0x00020908                set_pma_loopback
                0x00020938                unset_pma_loopback
                0x00020968                read_ext_xcvr_ctrl
                0x000209b8                ext_xcvr_reset
                0x00020a2c                netlogic_init
 .text          0x00020dac      0x15c obj/sonic_io.o
                0x00020dac                avalon_mm_write
                0x00020e2c                avalon_mm_read
 .text          0x00020f08        0x0 /home/hwang/altera/11.0/nios2eds/bin/gnu/H-i686-pc-linux-gnu/bin/../lib/gcc/nios2-elf/4.1.2/../../../../nios2-elf/lib/mno-hw-mul/libc.a(lib_a-impure.o)
 .text          0x00020f08       0x78 /home/hwang/altera/11.0/nios2eds/bin/gnu/H-i686-pc-linux-gnu/bin/../lib/gcc/nios2-elf/4.1.2/../../../../nios2-elf/lib/mno-hw-mul/libc.a(lib_a-printf.o)
                0x00020f08                printf
                0x00020f4c                _printf_r
 .text          0x00020f80     0x1f40 /home/hwang/altera/11.0/nios2eds/bin/gnu/H-i686-pc-linux-gnu/bin/../lib/gcc/nios2-elf/4.1.2/../../../../nios2-elf/lib/mno-hw-mul/libc.a(lib_a-vfprintf.o)
                0x00020fd8                ___vfprintf_internal_r
                0x00022e9c                __vfprintf_internal
 .text          0x00022ec0        0x4 /home/hwang/altera/11.0/nios2eds/bin/gnu/H-i686-pc-linux-gnu/bin/../lib/gcc/nios2-elf/4.1.2/../../../../nios2-elf/lib/mno-hw-mul/libc.a(lib_a-vfprintf_1.o)
                0x00022ec0                vfprintf
 .text          0x00022ec4      0x13c /home/hwang/altera/11.0/nios2eds/bin/gnu/H-i686-pc-linux-gnu/bin/../lib/gcc/nios2-elf/4.1.2/../../../../nios2-elf/lib/mno-hw-mul/libc.a(lib_a-wsetup.o)
                0x00022ec4                __swsetup_r
 .text          0x00023000     0x17f8 /home/hwang/altera/11.0/nios2eds/bin/gnu/H-i686-pc-linux-gnu/bin/../lib/gcc/nios2-elf/4.1.2/../../../../nios2-elf/lib/mno-hw-mul/libc.a(lib_a-dtoa.o)
                0x00023244                _dtoa_r
 .text          0x000247f8      0x230 /home/hwang/altera/11.0/nios2eds/bin/gnu/H-i686-pc-linux-gnu/bin/../lib/gcc/nios2-elf/4.1.2/../../../../nios2-elf/lib/mno-hw-mul/libc.a(lib_a-fflush.o)
                0x000247f8                _fflush_r
                0x000249f4                fflush
 .text          0x00024a28      0x2f4 /home/hwang/altera/11.0/nios2eds/bin/gnu/H-i686-pc-linux-gnu/bin/../lib/gcc/nios2-elf/4.1.2/../../../../nios2-elf/lib/mno-hw-mul/libc.a(lib_a-findfp.o)
                0x00024a80                __sfp_lock_acquire
                0x00024a84                __sfp_lock_release
                0x00024a88                __sinit_lock_acquire
                0x00024a8c                __sinit_lock_release
                0x00024a90                __sinit
                0x00024b44                __fp_unlock_all
                0x00024b5c                __fp_lock_all
                0x00024b74                _cleanup_r
                0x00024b80                _cleanup
                0x00024b90                __sfmoreglue
                0x00024c2c                __sfp
 .text          0x00024d1c      0x440 /home/hwang/altera/11.0/nios2eds/bin/gnu/H-i686-pc-linux-gnu/bin/../lib/gcc/nios2-elf/4.1.2/../../../../nios2-elf/lib/mno-hw-mul/libc.a(lib_a-freer.o)
                0x00024d1c                _malloc_trim_r
                0x00024e48                _free_r
 .text          0x0002515c      0x49c /home/hwang/altera/11.0/nios2eds/bin/gnu/H-i686-pc-linux-gnu/bin/../lib/gcc/nios2-elf/4.1.2/../../../../nios2-elf/lib/mno-hw-mul/libc.a(lib_a-fvwrite.o)
                0x0002515c                __sfvwrite_r
 .text          0x000255f8      0x180 /home/hwang/altera/11.0/nios2eds/bin/gnu/H-i686-pc-linux-gnu/bin/../lib/gcc/nios2-elf/4.1.2/../../../../nios2-elf/lib/mno-hw-mul/libc.a(lib_a-fwalk.o)
                0x000255f8                _fwalk_reent
                0x000256c0                _fwalk
 .text          0x00025778       0xc4 /home/hwang/altera/11.0/nios2eds/bin/gnu/H-i686-pc-linux-gnu/bin/../lib/gcc/nios2-elf/4.1.2/../../../../nios2-elf/lib/mno-hw-mul/libc.a(lib_a-locale.o)
                0x00025778                __locale_charset
                0x00025780                _localeconv_r
                0x0002578c                localeconv
                0x0002579c                _setlocale_r
                0x00025820                setlocale
 .text          0x0002583c      0x194 /home/hwang/altera/11.0/nios2eds/bin/gnu/H-i686-pc-linux-gnu/bin/../lib/gcc/nios2-elf/4.1.2/../../../../nios2-elf/lib/mno-hw-mul/libc.a(lib_a-makebuf.o)
                0x0002583c                __smakebuf_r
 .text          0x000259d0      0x740 /home/hwang/altera/11.0/nios2eds/bin/gnu/H-i686-pc-linux-gnu/bin/../lib/gcc/nios2-elf/4.1.2/../../../../nios2-elf/lib/mno-hw-mul/libc.a(lib_a-mallocr.o)
                0x000259d0                _malloc_r
 .text          0x00026110       0xe4 /home/hwang/altera/11.0/nios2eds/bin/gnu/H-i686-pc-linux-gnu/bin/../lib/gcc/nios2-elf/4.1.2/../../../../nios2-elf/lib/mno-hw-mul/libc.a(lib_a-memchr.o)
                0x00026110                memchr
 .text          0x000261f4       0xa0 /home/hwang/altera/11.0/nios2eds/bin/gnu/H-i686-pc-linux-gnu/bin/../lib/gcc/nios2-elf/4.1.2/../../../../nios2-elf/lib/mno-hw-mul/libc.a(lib_a-memcpy.o)
                0x000261f4                memcpy
 .text          0x00026294       0xe0 /home/hwang/altera/11.0/nios2eds/bin/gnu/H-i686-pc-linux-gnu/bin/../lib/gcc/nios2-elf/4.1.2/../../../../nios2-elf/lib/mno-hw-mul/libc.a(lib_a-memmove.o)
                0x00026294                memmove
 .text          0x00026374       0x98 /home/hwang/altera/11.0/nios2eds/bin/gnu/H-i686-pc-linux-gnu/bin/../lib/gcc/nios2-elf/4.1.2/../../../../nios2-elf/lib/mno-hw-mul/libc.a(lib_a-memset.o)
                0x00026374                memset
 .text          0x0002640c     0x108c /home/hwang/altera/11.0/nios2eds/bin/gnu/H-i686-pc-linux-gnu/bin/../lib/gcc/nios2-elf/4.1.2/../../../../nios2-elf/lib/mno-hw-mul/libc.a(lib_a-mprec.o)
                0x0002640c                _Bfree
                0x00026434                __hi0bits
                0x000264a4                __lo0bits
                0x00026568                __mcmp
                0x000265c8                __ulp
                0x00026648                __b2d
                0x00026768                __ratio
                0x00026818                _mprec_log10
                0x000268ac                __copybits
                0x00026904                __any_on
                0x0002698c                _Balloc
                0x00026a48                __d2b
                0x00026bc4                __mdiff
                0x00026d50                __lshift
                0x00026e9c                __multiply
                0x000270f0                __i2b
                0x0002712c                __multadd
                0x00027258                __pow5mult
                0x00027378                __s2b
 .text          0x00027498      0x5f4 /home/hwang/altera/11.0/nios2eds/bin/gnu/H-i686-pc-linux-gnu/bin/../lib/gcc/nios2-elf/4.1.2/../../../../nios2-elf/lib/mno-hw-mul/libc.a(lib_a-reallocr.o)
                0x00027498                _realloc_r
 .text          0x00027a8c       0x40 /home/hwang/altera/11.0/nios2eds/bin/gnu/H-i686-pc-linux-gnu/bin/../lib/gcc/nios2-elf/4.1.2/../../../../nios2-elf/lib/mno-hw-mul/libc.a(lib_a-s_isinfd.o)
                0x00027a8c                __isinfd
 .text          0x00027acc       0x30 /home/hwang/altera/11.0/nios2eds/bin/gnu/H-i686-pc-linux-gnu/bin/../lib/gcc/nios2-elf/4.1.2/../../../../nios2-elf/lib/mno-hw-mul/libc.a(lib_a-s_isnand.o)
                0x00027acc                __isnand
 .text          0x00027afc       0x70 /home/hwang/altera/11.0/nios2eds/bin/gnu/H-i686-pc-linux-gnu/bin/../lib/gcc/nios2-elf/4.1.2/../../../../nios2-elf/lib/mno-hw-mul/libc.a(lib_a-sbrkr.o)
                0x00027afc                _sbrk_r
 .text          0x00027b6c      0x14c /home/hwang/altera/11.0/nios2eds/bin/gnu/H-i686-pc-linux-gnu/bin/../lib/gcc/nios2-elf/4.1.2/../../../../nios2-elf/lib/mno-hw-mul/libc.a(lib_a-stdio.o)
                0x00027b6c                __sclose
                0x00027b74                __sseek
                0x00027bdc                __swrite
                0x00027c58                __sread
 .text          0x00027cb8       0xbc /home/hwang/altera/11.0/nios2eds/bin/gnu/H-i686-pc-linux-gnu/bin/../lib/gcc/nios2-elf/4.1.2/../../../../nios2-elf/lib/mno-hw-mul/libc.a(lib_a-strcmp.o)
                0x00027cb8                strcmp
 .text          0x00027d74       0x74 /home/hwang/altera/11.0/nios2eds/bin/gnu/H-i686-pc-linux-gnu/bin/../lib/gcc/nios2-elf/4.1.2/../../../../nios2-elf/lib/mno-hw-mul/libc.a(lib_a-strlen.o)
                0x00027d74                strlen
 .text          0x00027de8       0x78 /home/hwang/altera/11.0/nios2eds/bin/gnu/H-i686-pc-linux-gnu/bin/../lib/gcc/nios2-elf/4.1.2/../../../../nios2-elf/lib/mno-hw-mul/libc.a(lib_a-writer.o)
                0x00027de8                _write_r
 .text          0x00027e60       0xc8 /home/hwang/altera/11.0/nios2eds/bin/gnu/H-i686-pc-linux-gnu/bin/../lib/gcc/nios2-elf/4.1.2/../../../../nios2-elf/lib/mno-hw-mul/libc.a(lib_a-callocr.o)
                0x00027e60                _calloc_r
 .text          0x00027f28       0x70 /home/hwang/altera/11.0/nios2eds/bin/gnu/H-i686-pc-linux-gnu/bin/../lib/gcc/nios2-elf/4.1.2/../../../../nios2-elf/lib/mno-hw-mul/libc.a(lib_a-closer.o)
                0x00027f28                _close_r
 .text          0x00027f98      0x124 /home/hwang/altera/11.0/nios2eds/bin/gnu/H-i686-pc-linux-gnu/bin/../lib/gcc/nios2-elf/4.1.2/../../../../nios2-elf/lib/mno-hw-mul/libc.a(lib_a-fclose.o)
                0x00027f98                _fclose_r
                0x000280a8                fclose
 .text          0x000280bc       0x74 /home/hwang/altera/11.0/nios2eds/bin/gnu/H-i686-pc-linux-gnu/bin/../lib/gcc/nios2-elf/4.1.2/../../../../nios2-elf/lib/mno-hw-mul/libc.a(lib_a-fstatr.o)
                0x000280bc                _fstat_r
 .text          0x00028130        0x0 /home/hwang/altera/11.0/nios2eds/bin/gnu/H-i686-pc-linux-gnu/bin/../lib/gcc/nios2-elf/4.1.2/../../../../nios2-elf/lib/mno-hw-mul/libc.a(lib_a-int_errno.o)
 .text          0x00028130       0x70 /home/hwang/altera/11.0/nios2eds/bin/gnu/H-i686-pc-linux-gnu/bin/../lib/gcc/nios2-elf/4.1.2/../../../../nios2-elf/lib/mno-hw-mul/libc.a(lib_a-isattyr.o)
                0x00028130                _isatty_r
 .text          0x000281a0       0x78 /home/hwang/altera/11.0/nios2eds/bin/gnu/H-i686-pc-linux-gnu/bin/../lib/gcc/nios2-elf/4.1.2/../../../../nios2-elf/lib/mno-hw-mul/libc.a(lib_a-lseekr.o)
                0x000281a0                _lseek_r
 .text          0x00028218       0x78 /home/hwang/altera/11.0/nios2eds/bin/gnu/H-i686-pc-linux-gnu/bin/../lib/gcc/nios2-elf/4.1.2/../../../../nios2-elf/lib/mno-hw-mul/libc.a(lib_a-readr.o)
                0x00028218                _read_r
 .text          0x00028290      0x66c /home/hwang/altera/11.0/nios2eds/bin/gnu/H-i686-pc-linux-gnu/bin/../lib/gcc/nios2-elf/4.1.2/mno-hw-mul/libgcc.a(_udivdi3.o)
                0x00028290                __udivdi3
 .text          0x000288fc      0x660 /home/hwang/altera/11.0/nios2eds/bin/gnu/H-i686-pc-linux-gnu/bin/../lib/gcc/nios2-elf/4.1.2/mno-hw-mul/libgcc.a(_umoddi3.o)
                0x000288fc                __umoddi3
 .text          0x00028f5c      0x504 /home/hwang/altera/11.0/nios2eds/bin/gnu/H-i686-pc-linux-gnu/bin/../lib/gcc/nios2-elf/4.1.2/mno-hw-mul/libgcc.a(_addsub_df.o)
                0x0002936c                __subdf3
                0x000293ec                __adddf3
 .text          0x00029460      0x3c4 /home/hwang/altera/11.0/nios2eds/bin/gnu/H-i686-pc-linux-gnu/bin/../lib/gcc/nios2-elf/4.1.2/mno-hw-mul/libgcc.a(_mul_df.o)
                0x00029460                __muldf3
 .text          0x00029824      0x258 /home/hwang/altera/11.0/nios2eds/bin/gnu/H-i686-pc-linux-gnu/bin/../lib/gcc/nios2-elf/4.1.2/mno-hw-mul/libgcc.a(_div_df.o)
                0x00029824                __divdf3
 .text          0x00029a7c       0x88 /home/hwang/altera/11.0/nios2eds/bin/gnu/H-i686-pc-linux-gnu/bin/../lib/gcc/nios2-elf/4.1.2/mno-hw-mul/libgcc.a(_eq_df.o)
                0x00029a7c                __eqdf2
 .text          0x00029b04       0x88 /home/hwang/altera/11.0/nios2eds/bin/gnu/H-i686-pc-linux-gnu/bin/../lib/gcc/nios2-elf/4.1.2/mno-hw-mul/libgcc.a(_ne_df.o)
                0x00029b04                __nedf2
 .text          0x00029b8c       0x88 /home/hwang/altera/11.0/nios2eds/bin/gnu/H-i686-pc-linux-gnu/bin/../lib/gcc/nios2-elf/4.1.2/mno-hw-mul/libgcc.a(_gt_df.o)
                0x00029b8c                __gtdf2
 .text          0x00029c14       0x88 /home/hwang/altera/11.0/nios2eds/bin/gnu/H-i686-pc-linux-gnu/bin/../lib/gcc/nios2-elf/4.1.2/mno-hw-mul/libgcc.a(_ge_df.o)
                0x00029c14                __gedf2
 .text          0x00029c9c       0x88 /home/hwang/altera/11.0/nios2eds/bin/gnu/H-i686-pc-linux-gnu/bin/../lib/gcc/nios2-elf/4.1.2/mno-hw-mul/libgcc.a(_lt_df.o)
                0x00029c9c                __ltdf2
 .text          0x00029d24       0xf8 /home/hwang/altera/11.0/nios2eds/bin/gnu/H-i686-pc-linux-gnu/bin/../lib/gcc/nios2-elf/4.1.2/mno-hw-mul/libgcc.a(_si_to_df.o)
                0x00029d24                __floatsidf
 .text          0x00029e1c       0xd8 /home/hwang/altera/11.0/nios2eds/bin/gnu/H-i686-pc-linux-gnu/bin/../lib/gcc/nios2-elf/4.1.2/mno-hw-mul/libgcc.a(_df_to_si.o)
                0x00029e1c                __fixdfsi
 .text          0x00029ef4        0x0 /home/hwang/altera/11.0/nios2eds/bin/gnu/H-i686-pc-linux-gnu/bin/../lib/gcc/nios2-elf/4.1.2/mno-hw-mul/libgcc.a(_thenan_df.o)
 .text          0x00029ef4      0x194 /home/hwang/altera/11.0/nios2eds/bin/gnu/H-i686-pc-linux-gnu/bin/../lib/gcc/nios2-elf/4.1.2/mno-hw-mul/libgcc.a(_usi_to_df.o)
                0x00029ef4                __floatunsidf
 .text          0x0002a088      0x14c /home/hwang/altera/11.0/nios2eds/bin/gnu/H-i686-pc-linux-gnu/bin/../lib/gcc/nios2-elf/4.1.2/mno-hw-mul/libgcc.a(lib2-divmod.o)
                0x0002a104                __divsi3
                0x0002a164                __modsi3
                0x0002a1c4                __udivsi3
                0x0002a1cc                __umodsi3
 .text          0x0002a1d4       0x38 /home/hwang/altera/11.0/nios2eds/bin/gnu/H-i686-pc-linux-gnu/bin/../lib/gcc/nios2-elf/4.1.2/mno-hw-mul/libgcc.a(lib2-mul.o)
                0x0002a1d4                __mulsi3
 .text          0x0002a20c      0x124 /home/hwang/altera/11.0/nios2eds/bin/gnu/H-i686-pc-linux-gnu/bin/../lib/gcc/nios2-elf/4.1.2/mno-hw-mul/libgcc.a(_muldi3.o)
                0x0002a20c                __muldi3
 .text          0x0002a330        0x0 /home/hwang/altera/11.0/nios2eds/bin/gnu/H-i686-pc-linux-gnu/bin/../lib/gcc/nios2-elf/4.1.2/mno-hw-mul/libgcc.a(_clz.o)
 .text          0x0002a330       0x80 /home/hwang/altera/11.0/nios2eds/bin/gnu/H-i686-pc-linux-gnu/bin/../lib/gcc/nios2-elf/4.1.2/mno-hw-mul/libgcc.a(_clzsi2.o)
                0x0002a330                __clzsi2
 .text          0x0002a3b0      0x314 /home/hwang/altera/11.0/nios2eds/bin/gnu/H-i686-pc-linux-gnu/bin/../lib/gcc/nios2-elf/4.1.2/mno-hw-mul/libgcc.a(_pack_df.o)
                0x0002a3b0                __pack_d
 .text          0x0002a6c4      0x138 /home/hwang/altera/11.0/nios2eds/bin/gnu/H-i686-pc-linux-gnu/bin/../lib/gcc/nios2-elf/4.1.2/mno-hw-mul/libgcc.a(_unpack_df.o)
                0x0002a6c4                __unpack_d
 .text          0x0002a7fc       0xc8 /home/hwang/altera/11.0/nios2eds/bin/gnu/H-i686-pc-linux-gnu/bin/../lib/gcc/nios2-elf/4.1.2/mno-hw-mul/libgcc.a(_fpcmp_parts_df.o)
                0x0002a7fc                __fpcmp_parts_d
 .text          0x0002a8c4      0x160 ../sonic_app_bsp//libhal_bsp.a(alt_close.o)
                0x0002a8c4                close
 .text          0x0002aa24       0x2c ../sonic_app_bsp//libhal_bsp.a(alt_dev.o)
 .text          0x0002aa50        0x0 ../sonic_app_bsp//libhal_bsp.a(alt_errno.o)
 .text          0x0002aa50      0x138 ../sonic_app_bsp//libhal_bsp.a(alt_fstat.o)
                0x0002aa50                fstat
 .text          0x0002ab88      0x1d4 ../sonic_app_bsp//libhal_bsp.a(alt_iic.o)
                0x0002ab88                alt_ic_isr_register
                0x0002abd8                alt_ic_irq_enable
                0x0002ac74                alt_ic_irq_disable
                0x0002ad14                alt_ic_irq_enabled
 .text          0x0002ad5c       0xf8 ../sonic_app_bsp//libhal_bsp.a(alt_iic_isr_register.o)
                0x0002ad5c                alt_iic_isr_register
 .text          0x0002ae54        0x0 ../sonic_app_bsp//libhal_bsp.a(alt_irq_entry.o)
 .text          0x0002ae54        0x0 ../sonic_app_bsp//libhal_bsp.a(alt_irq_handler.o)
 .text          0x0002ae54        0x0 ../sonic_app_bsp//libhal_bsp.a(alt_irq_vars.o)
 .text          0x0002ae54      0x124 ../sonic_app_bsp//libhal_bsp.a(alt_isatty.o)
                0x0002ae54                isatty
 .text          0x0002af78       0xec ../sonic_app_bsp//libhal_bsp.a(alt_load.o)
                0x0002af78                alt_load
 .text          0x0002b064      0x154 ../sonic_app_bsp//libhal_bsp.a(alt_lseek.o)
                0x0002b064                lseek
 .text          0x0002b1b8       0x6c ../sonic_app_bsp//libhal_bsp.a(alt_main.o)
                0x0002b1b8                alt_main
 .text          0x0002b224       0x40 ../sonic_app_bsp//libhal_bsp.a(alt_malloc_lock.o)
                0x0002b224                __malloc_lock
                0x0002b244                __malloc_unlock
 .text          0x0002b264      0x184 ../sonic_app_bsp//libhal_bsp.a(alt_read.o)
                0x0002b264                read
 .text          0x0002b3e8       0x78 ../sonic_app_bsp//libhal_bsp.a(alt_release_fd.o)
                0x0002b3e8                alt_release_fd
 .text          0x0002b460       0xbc ../sonic_app_bsp//libhal_bsp.a(alt_sbrk.o)
                0x0002b460                sbrk
 .text          0x0002b51c      0x184 ../sonic_app_bsp//libhal_bsp.a(alt_write.o)
                0x0002b51c                write
 .text          0x0002b6a0       0xc8 ../sonic_app_bsp//libhal_bsp.a(alt_sys_init.o)
                0x0002b6a0                alt_irq_init
                0x0002b6d4                alt_sys_init
 .text          0x0002b768      0x148 ../sonic_app_bsp//libhal_bsp.a(altera_avalon_jtag_uart_fd.o)
                0x0002b768                altera_avalon_jtag_uart_read_fd
                0x0002b7c0                altera_avalon_jtag_uart_write_fd
                0x0002b818                altera_avalon_jtag_uart_close_fd
                0x0002b860                altera_avalon_jtag_uart_ioctl_fd
 .text          0x0002b8b0      0x40c ../sonic_app_bsp//libhal_bsp.a(altera_avalon_jtag_uart_init.o)
                0x0002b8b0                altera_avalon_jtag_uart_init
                0x0002bc48                altera_avalon_jtag_uart_close
 .text          0x0002bcbc       0xf4 ../sonic_app_bsp//libhal_bsp.a(altera_avalon_jtag_uart_ioctl.o)
                0x0002bcbc                altera_avalon_jtag_uart_ioctl
 .text          0x0002bdb0      0x224 ../sonic_app_bsp//libhal_bsp.a(altera_avalon_jtag_uart_read.o)
                0x0002bdb0                altera_avalon_jtag_uart_read
 .text          0x0002bfd4      0x240 ../sonic_app_bsp//libhal_bsp.a(altera_avalon_jtag_uart_write.o)
                0x0002bfd4                altera_avalon_jtag_uart_write
 .text          0x0002c214      0x100 ../sonic_app_bsp//libhal_bsp.a(altera_avalon_timer_sc.o)
                0x0002c284                alt_avalon_timer_sc_init
 .text          0x0002c314      0x154 ../sonic_app_bsp//libhal_bsp.a(alt_alarm_start.o)
                0x0002c314                alt_alarm_start
 .text          0x0002c468       0x1c ../sonic_app_bsp//libhal_bsp.a(alt_dcache_flush_all.o)
                0x0002c468                alt_dcache_flush_all
 .text          0x0002c484      0x114 ../sonic_app_bsp//libhal_bsp.a(alt_dev_llist_insert.o)
                0x0002c484                alt_dev_llist_insert
 .text          0x0002c598       0x64 ../sonic_app_bsp//libhal_bsp.a(alt_do_ctors.o)
                0x0002c598                _do_ctors
 .text          0x0002c5fc       0x64 ../sonic_app_bsp//libhal_bsp.a(alt_do_dtors.o)
                0x0002c5fc                _do_dtors
 .text          0x0002c660        0x0 ../sonic_app_bsp//libhal_bsp.a(alt_exception_entry.o)
 .text          0x0002c660       0x1c ../sonic_app_bsp//libhal_bsp.a(alt_icache_flush_all.o)
                0x0002c660                alt_icache_flush_all
 .text          0x0002c67c      0x150 ../sonic_app_bsp//libhal_bsp.a(alt_io_redirect.o)
                0x0002c754                alt_io_redirect
 .text          0x0002c7cc      0x2e4 ../sonic_app_bsp//libhal_bsp.a(alt_open.o)
                0x0002c8c4                open
 .text          0x0002cab0      0x1a4 ../sonic_app_bsp//libhal_bsp.a(alt_tick.o)
                0x0002cab0                alt_alarm_stop
                0x0002cb48                alt_tick
 .text          0x0002cc54       0x20 ../sonic_app_bsp//libhal_bsp.a(altera_nios2_qsys_irq.o)
                0x0002cc54                altera_nios2_qsys_irq_init
 .text          0x0002cc74       0x94 ../sonic_app_bsp//libhal_bsp.a(alt_find_dev.o)
                0x0002cc74                alt_find_dev
 .text          0x0002cd08      0x120 ../sonic_app_bsp//libhal_bsp.a(alt_find_file.o)
                0x0002cd08                alt_find_file
 .text          0x0002ce28       0xd0 ../sonic_app_bsp//libhal_bsp.a(alt_get_fd.o)
                0x0002ce28                alt_get_fd
 .text          0x0002cef8       0x14 /home/hwang/altera/11.0/nios2eds/bin/gnu/H-i686-pc-linux-gnu/bin/../lib/gcc/nios2-elf/4.1.2/../../../../nios2-elf/lib/mno-hw-mul/libc.a(lib_a-atexit.o)
                0x0002cef8                atexit
 .text          0x0002cf0c       0x38 /home/hwang/altera/11.0/nios2eds/bin/gnu/H-i686-pc-linux-gnu/bin/../lib/gcc/nios2-elf/4.1.2/../../../../nios2-elf/lib/mno-hw-mul/libc.a(lib_a-exit.o)
                0x0002cf0c                exit
 .text          0x0002cf44       0x74 /home/hwang/altera/11.0/nios2eds/bin/gnu/H-i686-pc-linux-gnu/bin/../lib/gcc/nios2-elf/4.1.2/../../../../nios2-elf/lib/mno-hw-mul/libc.a(lib_a-memcmp.o)
                0x0002cf44                memcmp
 .text          0x0002cfb8      0x134 /home/hwang/altera/11.0/nios2eds/bin/gnu/H-i686-pc-linux-gnu/bin/../lib/gcc/nios2-elf/4.1.2/../../../../nios2-elf/lib/mno-hw-mul/libc.a(lib_a-__atexit.o)
                0x0002cfb8                __register_exitproc
 .text          0x0002d0ec      0x1b4 /home/hwang/altera/11.0/nios2eds/bin/gnu/H-i686-pc-linux-gnu/bin/../lib/gcc/nios2-elf/4.1.2/../../../../nios2-elf/lib/mno-hw-mul/libc.a(lib_a-__call_atexit.o)
                0x0002d0f0                __call_exitprocs
 .text          0x0002d2a0       0x60 ../sonic_app_bsp//libhal_bsp.a(alt_exit.o)
                0x0002d2e0                _exit
 *(.gnu.warning.*)
 *(.fini)
                0x0002d300                PROVIDE (__etext, ABSOLUTE (.))
                0x0002d300                PROVIDE (_etext, ABSOLUTE (.))
                0x0002d300                PROVIDE (etext, ABSOLUTE (.))
 *(.eh_frame_hdr)
                0x0002d300                . = ALIGN (0x4)
                0x0002d300                PROVIDE (__preinit_array_start, ABSOLUTE (.))
 *(.preinit_array)
                0x0002d300                PROVIDE (__preinit_array_end, ABSOLUTE (.))
                0x0002d300                PROVIDE (__init_array_start, ABSOLUTE (.))
 *(.init_array)
                0x0002d300                PROVIDE (__init_array_end, ABSOLUTE (.))
                0x0002d300                PROVIDE (__fini_array_start, ABSOLUTE (.))
 *(.fini_array)
                0x0002d300                PROVIDE (__fini_array_end, ABSOLUTE (.))
 *(.eh_frame)
 .eh_frame      0x0002d300       0x40 /home/hwang/altera/11.0/nios2eds/bin/gnu/H-i686-pc-linux-gnu/bin/../lib/gcc/nios2-elf/4.1.2/mno-hw-mul/libgcc.a(_udivdi3.o)
 .eh_frame      0x0002d340       0x2c /home/hwang/altera/11.0/nios2eds/bin/gnu/H-i686-pc-linux-gnu/bin/../lib/gcc/nios2-elf/4.1.2/mno-hw-mul/libgcc.a(_umoddi3.o)
                                 0x40 (size before relaxing)
 *(.gcc_except_table)
 *(.dynamic)
                0x0002d36c                PROVIDE (__CTOR_LIST__, ABSOLUTE (.))
 *(.ctors)
 *(SORT(.ctors.*))
 .ctors.65535   0x0002d36c        0x4 /home/hwang/altera/11.0/nios2eds/bin/gnu/H-i686-pc-linux-gnu/bin/../lib/gcc/nios2-elf/4.1.2/../../../../nios2-elf/lib/mno-hw-mul/libc.a(lib_a-__call_atexit.o)
                0x0002d370                PROVIDE (__CTOR_END__, ABSOLUTE (.))
                0x0002d370                PROVIDE (__DTOR_LIST__, ABSOLUTE (.))
 *(.dtors)
 *(SORT(.dtors.*))
                0x0002d370                PROVIDE (__DTOR_END__, ABSOLUTE (.))
 *(.jcr)
                0x0002d370                . = ALIGN (0x4)

.rodata         0x0002d370      0x6e0
                0x0002d370                PROVIDE (__ram_rodata_start, ABSOLUTE (.))
                0x0002d370                . = ALIGN (0x4)
 *(.rodata .rodata.* .gnu.linkonce.r.*)
 .rodata        0x0002d370       0x6c obj/main.o
 .rodata        0x0002d3dc      0x318 obj/routines.o
 .rodata        0x0002d6f4        0xc obj/sonic_io.o
 .rodata.str1.4
                0x0002d700        0x2 /home/hwang/altera/11.0/nios2eds/bin/gnu/H-i686-pc-linux-gnu/bin/../lib/gcc/nios2-elf/4.1.2/../../../../nios2-elf/lib/mno-hw-mul/libc.a(lib_a-impure.o)
                                  0x4 (size before relaxing)
 *fill*         0x0002d702        0x2 00
 .rodata.str1.4
                0x0002d704       0x5e /home/hwang/altera/11.0/nios2eds/bin/gnu/H-i686-pc-linux-gnu/bin/../lib/gcc/nios2-elf/4.1.2/../../../../nios2-elf/lib/mno-hw-mul/libc.a(lib_a-vfprintf.o)
                                 0x60 (size before relaxing)
 .rodata        0x0002d762       0x20 /home/hwang/altera/11.0/nios2eds/bin/gnu/H-i686-pc-linux-gnu/bin/../lib/gcc/nios2-elf/4.1.2/../../../../nios2-elf/lib/mno-hw-mul/libc.a(lib_a-vfprintf.o)
 *fill*         0x0002d782        0x2 00
 .rodata.str1.4
                0x0002d784       0x10 /home/hwang/altera/11.0/nios2eds/bin/gnu/H-i686-pc-linux-gnu/bin/../lib/gcc/nios2-elf/4.1.2/../../../../nios2-elf/lib/mno-hw-mul/libc.a(lib_a-dtoa.o)
                                 0x14 (size before relaxing)
 .rodata.str1.4
                0x0002d794       0x10 /home/hwang/altera/11.0/nios2eds/bin/gnu/H-i686-pc-linux-gnu/bin/../lib/gcc/nios2-elf/4.1.2/../../../../nios2-elf/lib/mno-hw-mul/libc.a(lib_a-locale.o)
                                 0x18 (size before relaxing)
 .rodata        0x0002d7a4       0x30 /home/hwang/altera/11.0/nios2eds/bin/gnu/H-i686-pc-linux-gnu/bin/../lib/gcc/nios2-elf/4.1.2/../../../../nios2-elf/lib/mno-hw-mul/libc.a(lib_a-locale.o)
 .rodata        0x0002d7d4      0x124 /home/hwang/altera/11.0/nios2eds/bin/gnu/H-i686-pc-linux-gnu/bin/../lib/gcc/nios2-elf/4.1.2/../../../../nios2-elf/lib/mno-hw-mul/libc.a(lib_a-mprec.o)
                0x0002d7d4                __mprec_tens
                0x0002d89c                __mprec_bigtens
                0x0002d8c4                __mprec_tinytens
 .rodata        0x0002d8f8       0x14 /home/hwang/altera/11.0/nios2eds/bin/gnu/H-i686-pc-linux-gnu/bin/../lib/gcc/nios2-elf/4.1.2/mno-hw-mul/libgcc.a(_thenan_df.o)
                0x0002d8f8                __thenan_df
 .rodata        0x0002d90c      0x100 /home/hwang/altera/11.0/nios2eds/bin/gnu/H-i686-pc-linux-gnu/bin/../lib/gcc/nios2-elf/4.1.2/mno-hw-mul/libgcc.a(_clz.o)
                0x0002d90c                __clz_tab
 .rodata        0x0002da0c        0xc ../sonic_app_bsp//libhal_bsp.a(alt_dev.o)
 .rodata        0x0002da18       0x1c ../sonic_app_bsp//libhal_bsp.a(alt_main.o)
 .rodata        0x0002da34       0x1c ../sonic_app_bsp//libhal_bsp.a(alt_sys_init.o)
 *(.rodata1)
                0x0002da50                . = ALIGN (0x4)
                0x0002da50                PROVIDE (__ram_rodata_end, ABSOLUTE (.))
                0x0002d370                PROVIDE (__flash_rodata_start, LOADADDR (.rodata))

.rwdata         0x0002da50     0x1a64 load address 0x0002f4b4
                0x0002da50                PROVIDE (__ram_rwdata_start, ABSOLUTE (.))
                0x0002da50                . = ALIGN (0x4)
 *(.got.plt)
 *(.got)
 *(.data1)
 *(.data .data.* .gnu.linkonce.d.*)
 .data          0x0002da50        0x0 ../sonic_app_bsp//obj/HAL/src/crt0.o
 .data          0x0002da50        0x0 obj/debug.o
 .data          0x0002da50        0x0 obj/main.o
 .data          0x0002da50        0x0 obj/routines.o
 .data          0x0002da50        0x0 obj/sonic_io.o
 .data          0x0002da50      0x400 /home/hwang/altera/11.0/nios2eds/bin/gnu/H-i686-pc-linux-gnu/bin/../lib/gcc/nios2-elf/4.1.2/../../../../nios2-elf/lib/mno-hw-mul/libc.a(lib_a-impure.o)
 .data          0x0002de50        0x0 /home/hwang/altera/11.0/nios2eds/bin/gnu/H-i686-pc-linux-gnu/bin/../lib/gcc/nios2-elf/4.1.2/../../../../nios2-elf/lib/mno-hw-mul/libc.a(lib_a-printf.o)
 .data          0x0002de50        0x0 /home/hwang/altera/11.0/nios2eds/bin/gnu/H-i686-pc-linux-gnu/bin/../lib/gcc/nios2-elf/4.1.2/../../../../nios2-elf/lib/mno-hw-mul/libc.a(lib_a-vfprintf.o)
 .data          0x0002de50        0x0 /home/hwang/altera/11.0/nios2eds/bin/gnu/H-i686-pc-linux-gnu/bin/../lib/gcc/nios2-elf/4.1.2/../../../../nios2-elf/lib/mno-hw-mul/libc.a(lib_a-vfprintf_1.o)
 .data          0x0002de50        0x0 /home/hwang/altera/11.0/nios2eds/bin/gnu/H-i686-pc-linux-gnu/bin/../lib/gcc/nios2-elf/4.1.2/../../../../nios2-elf/lib/mno-hw-mul/libc.a(lib_a-wsetup.o)
 .data          0x0002de50        0x0 /home/hwang/altera/11.0/nios2eds/bin/gnu/H-i686-pc-linux-gnu/bin/../lib/gcc/nios2-elf/4.1.2/../../../../nios2-elf/lib/mno-hw-mul/libc.a(lib_a-dtoa.o)
 .data          0x0002de50        0x0 /home/hwang/altera/11.0/nios2eds/bin/gnu/H-i686-pc-linux-gnu/bin/../lib/gcc/nios2-elf/4.1.2/../../../../nios2-elf/lib/mno-hw-mul/libc.a(lib_a-fflush.o)
 .data          0x0002de50        0x0 /home/hwang/altera/11.0/nios2eds/bin/gnu/H-i686-pc-linux-gnu/bin/../lib/gcc/nios2-elf/4.1.2/../../../../nios2-elf/lib/mno-hw-mul/libc.a(lib_a-findfp.o)
 .data          0x0002de50        0x0 /home/hwang/altera/11.0/nios2eds/bin/gnu/H-i686-pc-linux-gnu/bin/../lib/gcc/nios2-elf/4.1.2/../../../../nios2-elf/lib/mno-hw-mul/libc.a(lib_a-freer.o)
 .data          0x0002de50        0x0 /home/hwang/altera/11.0/nios2eds/bin/gnu/H-i686-pc-linux-gnu/bin/../lib/gcc/nios2-elf/4.1.2/../../../../nios2-elf/lib/mno-hw-mul/libc.a(lib_a-fvwrite.o)
 .data          0x0002de50        0x0 /home/hwang/altera/11.0/nios2eds/bin/gnu/H-i686-pc-linux-gnu/bin/../lib/gcc/nios2-elf/4.1.2/../../../../nios2-elf/lib/mno-hw-mul/libc.a(lib_a-fwalk.o)
 .data          0x0002de50        0xc /home/hwang/altera/11.0/nios2eds/bin/gnu/H-i686-pc-linux-gnu/bin/../lib/gcc/nios2-elf/4.1.2/../../../../nios2-elf/lib/mno-hw-mul/libc.a(lib_a-locale.o)
                0x0002de50                __lc_ctype
 .data          0x0002de5c        0x0 /home/hwang/altera/11.0/nios2eds/bin/gnu/H-i686-pc-linux-gnu/bin/../lib/gcc/nios2-elf/4.1.2/../../../../nios2-elf/lib/mno-hw-mul/libc.a(lib_a-makebuf.o)
 .data          0x0002de5c      0x408 /home/hwang/altera/11.0/nios2eds/bin/gnu/H-i686-pc-linux-gnu/bin/../lib/gcc/nios2-elf/4.1.2/../../../../nios2-elf/lib/mno-hw-mul/libc.a(lib_a-mallocr.o)
                0x0002de5c                __malloc_av_
 .data          0x0002e264        0x0 /home/hwang/altera/11.0/nios2eds/bin/gnu/H-i686-pc-linux-gnu/bin/../lib/gcc/nios2-elf/4.1.2/../../../../nios2-elf/lib/mno-hw-mul/libc.a(lib_a-memchr.o)
 .data          0x0002e264        0x0 /home/hwang/altera/11.0/nios2eds/bin/gnu/H-i686-pc-linux-gnu/bin/../lib/gcc/nios2-elf/4.1.2/../../../../nios2-elf/lib/mno-hw-mul/libc.a(lib_a-memcpy.o)
 .data          0x0002e264        0x0 /home/hwang/altera/11.0/nios2eds/bin/gnu/H-i686-pc-linux-gnu/bin/../lib/gcc/nios2-elf/4.1.2/../../../../nios2-elf/lib/mno-hw-mul/libc.a(lib_a-memmove.o)
 .data          0x0002e264        0x0 /home/hwang/altera/11.0/nios2eds/bin/gnu/H-i686-pc-linux-gnu/bin/../lib/gcc/nios2-elf/4.1.2/../../../../nios2-elf/lib/mno-hw-mul/libc.a(lib_a-memset.o)
 .data          0x0002e264        0x0 /home/hwang/altera/11.0/nios2eds/bin/gnu/H-i686-pc-linux-gnu/bin/../lib/gcc/nios2-elf/4.1.2/../../../../nios2-elf/lib/mno-hw-mul/libc.a(lib_a-mprec.o)
 .data          0x0002e264        0x0 /home/hwang/altera/11.0/nios2eds/bin/gnu/H-i686-pc-linux-gnu/bin/../lib/gcc/nios2-elf/4.1.2/../../../../nios2-elf/lib/mno-hw-mul/libc.a(lib_a-reallocr.o)
 .data          0x0002e264        0x0 /home/hwang/altera/11.0/nios2eds/bin/gnu/H-i686-pc-linux-gnu/bin/../lib/gcc/nios2-elf/4.1.2/../../../../nios2-elf/lib/mno-hw-mul/libc.a(lib_a-s_isinfd.o)
 .data          0x0002e264        0x0 /home/hwang/altera/11.0/nios2eds/bin/gnu/H-i686-pc-linux-gnu/bin/../lib/gcc/nios2-elf/4.1.2/../../../../nios2-elf/lib/mno-hw-mul/libc.a(lib_a-s_isnand.o)
 .data          0x0002e264        0x0 /home/hwang/altera/11.0/nios2eds/bin/gnu/H-i686-pc-linux-gnu/bin/../lib/gcc/nios2-elf/4.1.2/../../../../nios2-elf/lib/mno-hw-mul/libc.a(lib_a-sbrkr.o)
 .data          0x0002e264        0x0 /home/hwang/altera/11.0/nios2eds/bin/gnu/H-i686-pc-linux-gnu/bin/../lib/gcc/nios2-elf/4.1.2/../../../../nios2-elf/lib/mno-hw-mul/libc.a(lib_a-stdio.o)
 .data          0x0002e264        0x0 /home/hwang/altera/11.0/nios2eds/bin/gnu/H-i686-pc-linux-gnu/bin/../lib/gcc/nios2-elf/4.1.2/../../../../nios2-elf/lib/mno-hw-mul/libc.a(lib_a-strcmp.o)
 .data          0x0002e264        0x0 /home/hwang/altera/11.0/nios2eds/bin/gnu/H-i686-pc-linux-gnu/bin/../lib/gcc/nios2-elf/4.1.2/../../../../nios2-elf/lib/mno-hw-mul/libc.a(lib_a-strlen.o)
 .data          0x0002e264        0x0 /home/hwang/altera/11.0/nios2eds/bin/gnu/H-i686-pc-linux-gnu/bin/../lib/gcc/nios2-elf/4.1.2/../../../../nios2-elf/lib/mno-hw-mul/libc.a(lib_a-writer.o)
 .data          0x0002e264        0x0 /home/hwang/altera/11.0/nios2eds/bin/gnu/H-i686-pc-linux-gnu/bin/../lib/gcc/nios2-elf/4.1.2/../../../../nios2-elf/lib/mno-hw-mul/libc.a(lib_a-callocr.o)
 .data          0x0002e264        0x0 /home/hwang/altera/11.0/nios2eds/bin/gnu/H-i686-pc-linux-gnu/bin/../lib/gcc/nios2-elf/4.1.2/../../../../nios2-elf/lib/mno-hw-mul/libc.a(lib_a-closer.o)
 .data          0x0002e264        0x0 /home/hwang/altera/11.0/nios2eds/bin/gnu/H-i686-pc-linux-gnu/bin/../lib/gcc/nios2-elf/4.1.2/../../../../nios2-elf/lib/mno-hw-mul/libc.a(lib_a-fclose.o)
 .data          0x0002e264        0x0 /home/hwang/altera/11.0/nios2eds/bin/gnu/H-i686-pc-linux-gnu/bin/../lib/gcc/nios2-elf/4.1.2/../../../../nios2-elf/lib/mno-hw-mul/libc.a(lib_a-fstatr.o)
 .data          0x0002e264        0x0 /home/hwang/altera/11.0/nios2eds/bin/gnu/H-i686-pc-linux-gnu/bin/../lib/gcc/nios2-elf/4.1.2/../../../../nios2-elf/lib/mno-hw-mul/libc.a(lib_a-int_errno.o)
 .data          0x0002e264        0x0 /home/hwang/altera/11.0/nios2eds/bin/gnu/H-i686-pc-linux-gnu/bin/../lib/gcc/nios2-elf/4.1.2/../../../../nios2-elf/lib/mno-hw-mul/libc.a(lib_a-isattyr.o)
 .data          0x0002e264        0x0 /home/hwang/altera/11.0/nios2eds/bin/gnu/H-i686-pc-linux-gnu/bin/../lib/gcc/nios2-elf/4.1.2/../../../../nios2-elf/lib/mno-hw-mul/libc.a(lib_a-lseekr.o)
 .data          0x0002e264        0x0 /home/hwang/altera/11.0/nios2eds/bin/gnu/H-i686-pc-linux-gnu/bin/../lib/gcc/nios2-elf/4.1.2/../../../../nios2-elf/lib/mno-hw-mul/libc.a(lib_a-readr.o)
 .data          0x0002e264        0x0 /home/hwang/altera/11.0/nios2eds/bin/gnu/H-i686-pc-linux-gnu/bin/../lib/gcc/nios2-elf/4.1.2/mno-hw-mul/libgcc.a(_udivdi3.o)
 .data          0x0002e264        0x0 /home/hwang/altera/11.0/nios2eds/bin/gnu/H-i686-pc-linux-gnu/bin/../lib/gcc/nios2-elf/4.1.2/mno-hw-mul/libgcc.a(_umoddi3.o)
 .data          0x0002e264        0x0 /home/hwang/altera/11.0/nios2eds/bin/gnu/H-i686-pc-linux-gnu/bin/../lib/gcc/nios2-elf/4.1.2/mno-hw-mul/libgcc.a(_addsub_df.o)
 .data          0x0002e264        0x0 /home/hwang/altera/11.0/nios2eds/bin/gnu/H-i686-pc-linux-gnu/bin/../lib/gcc/nios2-elf/4.1.2/mno-hw-mul/libgcc.a(_mul_df.o)
 .data          0x0002e264        0x0 /home/hwang/altera/11.0/nios2eds/bin/gnu/H-i686-pc-linux-gnu/bin/../lib/gcc/nios2-elf/4.1.2/mno-hw-mul/libgcc.a(_div_df.o)
 .data          0x0002e264        0x0 /home/hwang/altera/11.0/nios2eds/bin/gnu/H-i686-pc-linux-gnu/bin/../lib/gcc/nios2-elf/4.1.2/mno-hw-mul/libgcc.a(_eq_df.o)
 .data          0x0002e264        0x0 /home/hwang/altera/11.0/nios2eds/bin/gnu/H-i686-pc-linux-gnu/bin/../lib/gcc/nios2-elf/4.1.2/mno-hw-mul/libgcc.a(_ne_df.o)
 .data          0x0002e264        0x0 /home/hwang/altera/11.0/nios2eds/bin/gnu/H-i686-pc-linux-gnu/bin/../lib/gcc/nios2-elf/4.1.2/mno-hw-mul/libgcc.a(_gt_df.o)
 .data          0x0002e264        0x0 /home/hwang/altera/11.0/nios2eds/bin/gnu/H-i686-pc-linux-gnu/bin/../lib/gcc/nios2-elf/4.1.2/mno-hw-mul/libgcc.a(_ge_df.o)
 .data          0x0002e264        0x0 /home/hwang/altera/11.0/nios2eds/bin/gnu/H-i686-pc-linux-gnu/bin/../lib/gcc/nios2-elf/4.1.2/mno-hw-mul/libgcc.a(_lt_df.o)
 .data          0x0002e264        0x0 /home/hwang/altera/11.0/nios2eds/bin/gnu/H-i686-pc-linux-gnu/bin/../lib/gcc/nios2-elf/4.1.2/mno-hw-mul/libgcc.a(_si_to_df.o)
 .data          0x0002e264        0x0 /home/hwang/altera/11.0/nios2eds/bin/gnu/H-i686-pc-linux-gnu/bin/../lib/gcc/nios2-elf/4.1.2/mno-hw-mul/libgcc.a(_df_to_si.o)
 .data          0x0002e264        0x0 /home/hwang/altera/11.0/nios2eds/bin/gnu/H-i686-pc-linux-gnu/bin/../lib/gcc/nios2-elf/4.1.2/mno-hw-mul/libgcc.a(_thenan_df.o)
 .data          0x0002e264        0x0 /home/hwang/altera/11.0/nios2eds/bin/gnu/H-i686-pc-linux-gnu/bin/../lib/gcc/nios2-elf/4.1.2/mno-hw-mul/libgcc.a(_usi_to_df.o)
 .data          0x0002e264        0x0 /home/hwang/altera/11.0/nios2eds/bin/gnu/H-i686-pc-linux-gnu/bin/../lib/gcc/nios2-elf/4.1.2/mno-hw-mul/libgcc.a(lib2-divmod.o)
 .data          0x0002e264        0x0 /home/hwang/altera/11.0/nios2eds/bin/gnu/H-i686-pc-linux-gnu/bin/../lib/gcc/nios2-elf/4.1.2/mno-hw-mul/libgcc.a(lib2-mul.o)
 .data          0x0002e264        0x0 /home/hwang/altera/11.0/nios2eds/bin/gnu/H-i686-pc-linux-gnu/bin/../lib/gcc/nios2-elf/4.1.2/mno-hw-mul/libgcc.a(_muldi3.o)
 .data          0x0002e264        0x0 /home/hwang/altera/11.0/nios2eds/bin/gnu/H-i686-pc-linux-gnu/bin/../lib/gcc/nios2-elf/4.1.2/mno-hw-mul/libgcc.a(_clz.o)
 .data          0x0002e264        0x0 /home/hwang/altera/11.0/nios2eds/bin/gnu/H-i686-pc-linux-gnu/bin/../lib/gcc/nios2-elf/4.1.2/mno-hw-mul/libgcc.a(_clzsi2.o)
 .data          0x0002e264        0x0 /home/hwang/altera/11.0/nios2eds/bin/gnu/H-i686-pc-linux-gnu/bin/../lib/gcc/nios2-elf/4.1.2/mno-hw-mul/libgcc.a(_pack_df.o)
 .data          0x0002e264        0x0 /home/hwang/altera/11.0/nios2eds/bin/gnu/H-i686-pc-linux-gnu/bin/../lib/gcc/nios2-elf/4.1.2/mno-hw-mul/libgcc.a(_unpack_df.o)
 .data          0x0002e264        0x0 /home/hwang/altera/11.0/nios2eds/bin/gnu/H-i686-pc-linux-gnu/bin/../lib/gcc/nios2-elf/4.1.2/mno-hw-mul/libgcc.a(_fpcmp_parts_df.o)
 .data          0x0002e264        0x0 ../sonic_app_bsp//libhal_bsp.a(alt_close.o)
 .data          0x0002e264      0x1a8 ../sonic_app_bsp//libhal_bsp.a(alt_dev.o)
                0x0002e264                alt_dev_null
                0x0002e28c                alt_fd_list
 .data          0x0002e40c        0x0 ../sonic_app_bsp//libhal_bsp.a(alt_errno.o)
 .data          0x0002e40c        0x0 ../sonic_app_bsp//libhal_bsp.a(alt_fstat.o)
 .data          0x0002e40c        0x0 ../sonic_app_bsp//libhal_bsp.a(alt_iic.o)
 .data          0x0002e40c        0x0 ../sonic_app_bsp//libhal_bsp.a(alt_iic_isr_register.o)
 .data          0x0002e40c        0x0 ../sonic_app_bsp//libhal_bsp.a(alt_irq_entry.o)
 .data          0x0002e40c        0x0 ../sonic_app_bsp//libhal_bsp.a(alt_irq_handler.o)
 .data          0x0002e40c        0x0 ../sonic_app_bsp//libhal_bsp.a(alt_irq_vars.o)
 .data          0x0002e40c        0x0 ../sonic_app_bsp//libhal_bsp.a(alt_isatty.o)
 .data          0x0002e40c        0x0 ../sonic_app_bsp//libhal_bsp.a(alt_load.o)
 .data          0x0002e40c        0x0 ../sonic_app_bsp//libhal_bsp.a(alt_lseek.o)
 .data          0x0002e40c        0x0 ../sonic_app_bsp//libhal_bsp.a(alt_main.o)
 .data          0x0002e40c        0x0 ../sonic_app_bsp//libhal_bsp.a(alt_malloc_lock.o)
 .data          0x0002e40c        0x0 ../sonic_app_bsp//libhal_bsp.a(alt_read.o)
 .data          0x0002e40c        0x0 ../sonic_app_bsp//libhal_bsp.a(alt_release_fd.o)
 .data          0x0002e40c        0x0 ../sonic_app_bsp//libhal_bsp.a(alt_sbrk.o)
 .data          0x0002e40c        0x0 ../sonic_app_bsp//libhal_bsp.a(alt_write.o)
 .data          0x0002e40c     0x1060 ../sonic_app_bsp//libhal_bsp.a(alt_sys_init.o)
 .data          0x0002f46c        0x0 ../sonic_app_bsp//libhal_bsp.a(altera_avalon_jtag_uart_fd.o)
 .data          0x0002f46c        0x0 ../sonic_app_bsp//libhal_bsp.a(altera_avalon_jtag_uart_init.o)
 .data          0x0002f46c        0x0 ../sonic_app_bsp//libhal_bsp.a(altera_avalon_jtag_uart_ioctl.o)
 .data          0x0002f46c        0x0 ../sonic_app_bsp//libhal_bsp.a(altera_avalon_jtag_uart_read.o)
 .data          0x0002f46c        0x0 ../sonic_app_bsp//libhal_bsp.a(altera_avalon_jtag_uart_write.o)
 .data          0x0002f46c        0x0 ../sonic_app_bsp//libhal_bsp.a(altera_avalon_timer_sc.o)
 .data          0x0002f46c        0x0 ../sonic_app_bsp//libhal_bsp.a(alt_alarm_start.o)
 .data          0x0002f46c        0x0 ../sonic_app_bsp//libhal_bsp.a(alt_dcache_flush_all.o)
 .data          0x0002f46c        0x0 ../sonic_app_bsp//libhal_bsp.a(alt_dev_llist_insert.o)
 .data          0x0002f46c        0x0 ../sonic_app_bsp//libhal_bsp.a(alt_do_ctors.o)
 .data          0x0002f46c        0x0 ../sonic_app_bsp//libhal_bsp.a(alt_do_dtors.o)
 .data          0x0002f46c        0x0 ../sonic_app_bsp//libhal_bsp.a(alt_exception_entry.o)
 .data          0x0002f46c        0x0 ../sonic_app_bsp//libhal_bsp.a(alt_icache_flush_all.o)
 .data          0x0002f46c        0x0 ../sonic_app_bsp//libhal_bsp.a(alt_io_redirect.o)
 .data          0x0002f46c        0x0 ../sonic_app_bsp//libhal_bsp.a(alt_open.o)
 .data          0x0002f46c        0x0 ../sonic_app_bsp//libhal_bsp.a(alt_tick.o)
 .data          0x0002f46c        0x0 ../sonic_app_bsp//libhal_bsp.a(altera_nios2_qsys_irq.o)
 .data          0x0002f46c        0x0 ../sonic_app_bsp//libhal_bsp.a(alt_find_dev.o)
 .data          0x0002f46c        0x0 ../sonic_app_bsp//libhal_bsp.a(alt_find_file.o)
 .data          0x0002f46c        0x0 ../sonic_app_bsp//libhal_bsp.a(alt_get_fd.o)
 .data          0x0002f46c        0x0 /home/hwang/altera/11.0/nios2eds/bin/gnu/H-i686-pc-linux-gnu/bin/../lib/gcc/nios2-elf/4.1.2/../../../../nios2-elf/lib/mno-hw-mul/libc.a(lib_a-atexit.o)
 .data          0x0002f46c        0x0 /home/hwang/altera/11.0/nios2eds/bin/gnu/H-i686-pc-linux-gnu/bin/../lib/gcc/nios2-elf/4.1.2/../../../../nios2-elf/lib/mno-hw-mul/libc.a(lib_a-exit.o)
 .data          0x0002f46c        0x0 /home/hwang/altera/11.0/nios2eds/bin/gnu/H-i686-pc-linux-gnu/bin/../lib/gcc/nios2-elf/4.1.2/../../../../nios2-elf/lib/mno-hw-mul/libc.a(lib_a-memcmp.o)
 .data          0x0002f46c        0x0 /home/hwang/altera/11.0/nios2eds/bin/gnu/H-i686-pc-linux-gnu/bin/../lib/gcc/nios2-elf/4.1.2/../../../../nios2-elf/lib/mno-hw-mul/libc.a(lib_a-__atexit.o)
 .data          0x0002f46c        0x0 /home/hwang/altera/11.0/nios2eds/bin/gnu/H-i686-pc-linux-gnu/bin/../lib/gcc/nios2-elf/4.1.2/../../../../nios2-elf/lib/mno-hw-mul/libc.a(lib_a-__call_atexit.o)
 .data          0x0002f46c        0x0 ../sonic_app_bsp//libhal_bsp.a(alt_exit.o)
                0x0003746c                _gp = ABSOLUTE ((. + 0x8000))
                0x0003746c                PROVIDE (gp, _gp)
 *(.rwdata .rwdata.*)
 *(.sdata .sdata.* .gnu.linkonce.s.*)
 .sdata         0x0002f46c        0x8 obj/main.o
                0x0002f46c                msglevel
                0x0002f470                state
 .sdata         0x0002f474        0x8 /home/hwang/altera/11.0/nios2eds/bin/gnu/H-i686-pc-linux-gnu/bin/../lib/gcc/nios2-elf/4.1.2/../../../../nios2-elf/lib/mno-hw-mul/libc.a(lib_a-impure.o)
                0x0002f474                _impure_ptr
                0x0002f478                _global_impure_ptr
 .sdata         0x0002f47c        0x8 /home/hwang/altera/11.0/nios2eds/bin/gnu/H-i686-pc-linux-gnu/bin/../lib/gcc/nios2-elf/4.1.2/../../../../nios2-elf/lib/mno-hw-mul/libc.a(lib_a-locale.o)
                0x0002f47c                __mb_cur_max
 .sdata         0x0002f484        0x8 /home/hwang/altera/11.0/nios2eds/bin/gnu/H-i686-pc-linux-gnu/bin/../lib/gcc/nios2-elf/4.1.2/../../../../nios2-elf/lib/mno-hw-mul/libc.a(lib_a-mallocr.o)
                0x0002f484                __malloc_trim_threshold
                0x0002f488                __malloc_sbrk_base
 .sdata         0x0002f48c       0x14 ../sonic_app_bsp//libhal_bsp.a(alt_dev.o)
                0x0002f48c                alt_fs_list
                0x0002f494                alt_dev_list
                0x0002f49c                alt_max_fd
 .sdata         0x0002f4a0        0x4 ../sonic_app_bsp//libhal_bsp.a(alt_errno.o)
                0x0002f4a0                alt_errno
 .sdata         0x0002f4a4        0x4 ../sonic_app_bsp//libhal_bsp.a(alt_irq_vars.o)
                0x0002f4a4                alt_priority_mask
 .sdata         0x0002f4a8        0x4 ../sonic_app_bsp//libhal_bsp.a(alt_sbrk.o)
 .sdata         0x0002f4ac        0x8 ../sonic_app_bsp//libhal_bsp.a(alt_tick.o)
                0x0002f4ac                alt_alarm_list
 *(.sdata2 .sdata2.* .gnu.linkonce.s2.*)
                0x0002f4b4                . = ALIGN (0x4)
                0x0002f4b4                _edata = ABSOLUTE (.)
                0x0002f4b4                PROVIDE (edata, ABSOLUTE (.))
                0x0002f4b4                PROVIDE (__ram_rwdata_end, ABSOLUTE (.))
                0x0002f4b4                PROVIDE (__flash_rwdata_start, LOADADDR (.rwdata))

.bss            0x00030f18      0x2f0
                0x00030f18                __bss_start = ABSOLUTE (.)
                0x00030f18                PROVIDE (__sbss_start, ABSOLUTE (.))
                0x00030f18                PROVIDE (___sbss_start, ABSOLUTE (.))
 *(.dynsbss)
 *(.sbss .sbss.* .gnu.linkonce.sb.*)
 .sbss          0x00030f18        0x4 obj/main.o
                0x00030f18                edge_capture
 .sbss          0x00030f1c        0xc /home/hwang/altera/11.0/nios2eds/bin/gnu/H-i686-pc-linux-gnu/bin/../lib/gcc/nios2-elf/4.1.2/../../../../nios2-elf/lib/mno-hw-mul/libc.a(lib_a-locale.o)
                0x00030f1c                __nlocale_changed
                0x00030f20                __mlocale_changed
                0x00030f24                _PathLocale
 .sbss          0x00030f28        0xc /home/hwang/altera/11.0/nios2eds/bin/gnu/H-i686-pc-linux-gnu/bin/../lib/gcc/nios2-elf/4.1.2/../../../../nios2-elf/lib/mno-hw-mul/libc.a(lib_a-mallocr.o)
                0x00030f28                __malloc_top_pad
                0x00030f2c                __malloc_max_sbrked_mem
                0x00030f30                __malloc_max_total_mem
 .sbss          0x00030f34        0x4 /home/hwang/altera/11.0/nios2eds/bin/gnu/H-i686-pc-linux-gnu/bin/../lib/gcc/nios2-elf/4.1.2/../../../../nios2-elf/lib/mno-hw-mul/libc.a(lib_a-int_errno.o)
                0x00030f34                errno
 .sbss          0x00030f38        0x4 ../sonic_app_bsp//libhal_bsp.a(alt_irq_vars.o)
                0x00030f38                alt_irq_active
 .sbss          0x00030f3c        0xc ../sonic_app_bsp//libhal_bsp.a(alt_main.o)
                0x00030f3c                alt_argc
                0x00030f40                alt_argv
                0x00030f44                alt_envp
 .sbss          0x00030f48        0x8 ../sonic_app_bsp//libhal_bsp.a(alt_tick.o)
                0x00030f48                _alt_tick_rate
                0x00030f4c                _alt_nticks
 *(.sbss2 .sbss2.* .gnu.linkonce.sb2.*)
 *(.scommon)
                0x00030f50                PROVIDE (__sbss_end, ABSOLUTE (.))
                0x00030f50                PROVIDE (___sbss_end, ABSOLUTE (.))
 *(.dynbss)
 *(.bss .bss.* .gnu.linkonce.b.*)
 .bss           0x00030f50        0x0 ../sonic_app_bsp//obj/HAL/src/crt0.o
 .bss           0x00030f50        0x0 obj/debug.o
 .bss           0x00030f50        0x0 obj/main.o
 .bss           0x00030f50        0x0 obj/routines.o
 .bss           0x00030f50        0x0 obj/sonic_io.o
 .bss           0x00030f50        0x0 /home/hwang/altera/11.0/nios2eds/bin/gnu/H-i686-pc-linux-gnu/bin/../lib/gcc/nios2-elf/4.1.2/../../../../nios2-elf/lib/mno-hw-mul/libc.a(lib_a-impure.o)
 .bss           0x00030f50        0x0 /home/hwang/altera/11.0/nios2eds/bin/gnu/H-i686-pc-linux-gnu/bin/../lib/gcc/nios2-elf/4.1.2/../../../../nios2-elf/lib/mno-hw-mul/libc.a(lib_a-printf.o)
 .bss           0x00030f50        0x0 /home/hwang/altera/11.0/nios2eds/bin/gnu/H-i686-pc-linux-gnu/bin/../lib/gcc/nios2-elf/4.1.2/../../../../nios2-elf/lib/mno-hw-mul/libc.a(lib_a-vfprintf.o)
 .bss           0x00030f50        0x0 /home/hwang/altera/11.0/nios2eds/bin/gnu/H-i686-pc-linux-gnu/bin/../lib/gcc/nios2-elf/4.1.2/../../../../nios2-elf/lib/mno-hw-mul/libc.a(lib_a-vfprintf_1.o)
 .bss           0x00030f50        0x0 /home/hwang/altera/11.0/nios2eds/bin/gnu/H-i686-pc-linux-gnu/bin/../lib/gcc/nios2-elf/4.1.2/../../../../nios2-elf/lib/mno-hw-mul/libc.a(lib_a-wsetup.o)
 .bss           0x00030f50        0x0 /home/hwang/altera/11.0/nios2eds/bin/gnu/H-i686-pc-linux-gnu/bin/../lib/gcc/nios2-elf/4.1.2/../../../../nios2-elf/lib/mno-hw-mul/libc.a(lib_a-dtoa.o)
 .bss           0x00030f50        0x0 /home/hwang/altera/11.0/nios2eds/bin/gnu/H-i686-pc-linux-gnu/bin/../lib/gcc/nios2-elf/4.1.2/../../../../nios2-elf/lib/mno-hw-mul/libc.a(lib_a-fflush.o)
 .bss           0x00030f50        0x0 /home/hwang/altera/11.0/nios2eds/bin/gnu/H-i686-pc-linux-gnu/bin/../lib/gcc/nios2-elf/4.1.2/../../../../nios2-elf/lib/mno-hw-mul/libc.a(lib_a-findfp.o)
 .bss           0x00030f50        0x0 /home/hwang/altera/11.0/nios2eds/bin/gnu/H-i686-pc-linux-gnu/bin/../lib/gcc/nios2-elf/4.1.2/../../../../nios2-elf/lib/mno-hw-mul/libc.a(lib_a-freer.o)
 .bss           0x00030f50        0x0 /home/hwang/altera/11.0/nios2eds/bin/gnu/H-i686-pc-linux-gnu/bin/../lib/gcc/nios2-elf/4.1.2/../../../../nios2-elf/lib/mno-hw-mul/libc.a(lib_a-fvwrite.o)
 .bss           0x00030f50        0x0 /home/hwang/altera/11.0/nios2eds/bin/gnu/H-i686-pc-linux-gnu/bin/../lib/gcc/nios2-elf/4.1.2/../../../../nios2-elf/lib/mno-hw-mul/libc.a(lib_a-fwalk.o)
 .bss           0x00030f50        0x0 /home/hwang/altera/11.0/nios2eds/bin/gnu/H-i686-pc-linux-gnu/bin/../lib/gcc/nios2-elf/4.1.2/../../../../nios2-elf/lib/mno-hw-mul/libc.a(lib_a-locale.o)
 .bss           0x00030f50        0x0 /home/hwang/altera/11.0/nios2eds/bin/gnu/H-i686-pc-linux-gnu/bin/../lib/gcc/nios2-elf/4.1.2/../../../../nios2-elf/lib/mno-hw-mul/libc.a(lib_a-makebuf.o)
 .bss           0x00030f50       0x28 /home/hwang/altera/11.0/nios2eds/bin/gnu/H-i686-pc-linux-gnu/bin/../lib/gcc/nios2-elf/4.1.2/../../../../nios2-elf/lib/mno-hw-mul/libc.a(lib_a-mallocr.o)
                0x00030f50                __malloc_current_mallinfo
 .bss           0x00030f78        0x0 /home/hwang/altera/11.0/nios2eds/bin/gnu/H-i686-pc-linux-gnu/bin/../lib/gcc/nios2-elf/4.1.2/../../../../nios2-elf/lib/mno-hw-mul/libc.a(lib_a-memchr.o)
 .bss           0x00030f78        0x0 /home/hwang/altera/11.0/nios2eds/bin/gnu/H-i686-pc-linux-gnu/bin/../lib/gcc/nios2-elf/4.1.2/../../../../nios2-elf/lib/mno-hw-mul/libc.a(lib_a-memcpy.o)
 .bss           0x00030f78        0x0 /home/hwang/altera/11.0/nios2eds/bin/gnu/H-i686-pc-linux-gnu/bin/../lib/gcc/nios2-elf/4.1.2/../../../../nios2-elf/lib/mno-hw-mul/libc.a(lib_a-memmove.o)
 .bss           0x00030f78        0x0 /home/hwang/altera/11.0/nios2eds/bin/gnu/H-i686-pc-linux-gnu/bin/../lib/gcc/nios2-elf/4.1.2/../../../../nios2-elf/lib/mno-hw-mul/libc.a(lib_a-memset.o)
 .bss           0x00030f78        0x0 /home/hwang/altera/11.0/nios2eds/bin/gnu/H-i686-pc-linux-gnu/bin/../lib/gcc/nios2-elf/4.1.2/../../../../nios2-elf/lib/mno-hw-mul/libc.a(lib_a-mprec.o)
 .bss           0x00030f78        0x0 /home/hwang/altera/11.0/nios2eds/bin/gnu/H-i686-pc-linux-gnu/bin/../lib/gcc/nios2-elf/4.1.2/../../../../nios2-elf/lib/mno-hw-mul/libc.a(lib_a-reallocr.o)
 .bss           0x00030f78        0x0 /home/hwang/altera/11.0/nios2eds/bin/gnu/H-i686-pc-linux-gnu/bin/../lib/gcc/nios2-elf/4.1.2/../../../../nios2-elf/lib/mno-hw-mul/libc.a(lib_a-s_isinfd.o)
 .bss           0x00030f78        0x0 /home/hwang/altera/11.0/nios2eds/bin/gnu/H-i686-pc-linux-gnu/bin/../lib/gcc/nios2-elf/4.1.2/../../../../nios2-elf/lib/mno-hw-mul/libc.a(lib_a-s_isnand.o)
 .bss           0x00030f78        0x0 /home/hwang/altera/11.0/nios2eds/bin/gnu/H-i686-pc-linux-gnu/bin/../lib/gcc/nios2-elf/4.1.2/../../../../nios2-elf/lib/mno-hw-mul/libc.a(lib_a-sbrkr.o)
 .bss           0x00030f78        0x0 /home/hwang/altera/11.0/nios2eds/bin/gnu/H-i686-pc-linux-gnu/bin/../lib/gcc/nios2-elf/4.1.2/../../../../nios2-elf/lib/mno-hw-mul/libc.a(lib_a-stdio.o)
 .bss           0x00030f78        0x0 /home/hwang/altera/11.0/nios2eds/bin/gnu/H-i686-pc-linux-gnu/bin/../lib/gcc/nios2-elf/4.1.2/../../../../nios2-elf/lib/mno-hw-mul/libc.a(lib_a-strcmp.o)
 .bss           0x00030f78        0x0 /home/hwang/altera/11.0/nios2eds/bin/gnu/H-i686-pc-linux-gnu/bin/../lib/gcc/nios2-elf/4.1.2/../../../../nios2-elf/lib/mno-hw-mul/libc.a(lib_a-strlen.o)
 .bss           0x00030f78        0x0 /home/hwang/altera/11.0/nios2eds/bin/gnu/H-i686-pc-linux-gnu/bin/../lib/gcc/nios2-elf/4.1.2/../../../../nios2-elf/lib/mno-hw-mul/libc.a(lib_a-writer.o)
 .bss           0x00030f78        0x0 /home/hwang/altera/11.0/nios2eds/bin/gnu/H-i686-pc-linux-gnu/bin/../lib/gcc/nios2-elf/4.1.2/../../../../nios2-elf/lib/mno-hw-mul/libc.a(lib_a-callocr.o)
 .bss           0x00030f78        0x0 /home/hwang/altera/11.0/nios2eds/bin/gnu/H-i686-pc-linux-gnu/bin/../lib/gcc/nios2-elf/4.1.2/../../../../nios2-elf/lib/mno-hw-mul/libc.a(lib_a-closer.o)
 .bss           0x00030f78        0x0 /home/hwang/altera/11.0/nios2eds/bin/gnu/H-i686-pc-linux-gnu/bin/../lib/gcc/nios2-elf/4.1.2/../../../../nios2-elf/lib/mno-hw-mul/libc.a(lib_a-fclose.o)
 .bss           0x00030f78        0x0 /home/hwang/altera/11.0/nios2eds/bin/gnu/H-i686-pc-linux-gnu/bin/../lib/gcc/nios2-elf/4.1.2/../../../../nios2-elf/lib/mno-hw-mul/libc.a(lib_a-fstatr.o)
 .bss           0x00030f78        0x0 /home/hwang/altera/11.0/nios2eds/bin/gnu/H-i686-pc-linux-gnu/bin/../lib/gcc/nios2-elf/4.1.2/../../../../nios2-elf/lib/mno-hw-mul/libc.a(lib_a-int_errno.o)
 .bss           0x00030f78        0x0 /home/hwang/altera/11.0/nios2eds/bin/gnu/H-i686-pc-linux-gnu/bin/../lib/gcc/nios2-elf/4.1.2/../../../../nios2-elf/lib/mno-hw-mul/libc.a(lib_a-isattyr.o)
 .bss           0x00030f78        0x0 /home/hwang/altera/11.0/nios2eds/bin/gnu/H-i686-pc-linux-gnu/bin/../lib/gcc/nios2-elf/4.1.2/../../../../nios2-elf/lib/mno-hw-mul/libc.a(lib_a-lseekr.o)
 .bss           0x00030f78        0x0 /home/hwang/altera/11.0/nios2eds/bin/gnu/H-i686-pc-linux-gnu/bin/../lib/gcc/nios2-elf/4.1.2/../../../../nios2-elf/lib/mno-hw-mul/libc.a(lib_a-readr.o)
 .bss           0x00030f78        0x0 /home/hwang/altera/11.0/nios2eds/bin/gnu/H-i686-pc-linux-gnu/bin/../lib/gcc/nios2-elf/4.1.2/mno-hw-mul/libgcc.a(_udivdi3.o)
 .bss           0x00030f78        0x0 /home/hwang/altera/11.0/nios2eds/bin/gnu/H-i686-pc-linux-gnu/bin/../lib/gcc/nios2-elf/4.1.2/mno-hw-mul/libgcc.a(_umoddi3.o)
 .bss           0x00030f78        0x0 /home/hwang/altera/11.0/nios2eds/bin/gnu/H-i686-pc-linux-gnu/bin/../lib/gcc/nios2-elf/4.1.2/mno-hw-mul/libgcc.a(_addsub_df.o)
 .bss           0x00030f78        0x0 /home/hwang/altera/11.0/nios2eds/bin/gnu/H-i686-pc-linux-gnu/bin/../lib/gcc/nios2-elf/4.1.2/mno-hw-mul/libgcc.a(_mul_df.o)
 .bss           0x00030f78        0x0 /home/hwang/altera/11.0/nios2eds/bin/gnu/H-i686-pc-linux-gnu/bin/../lib/gcc/nios2-elf/4.1.2/mno-hw-mul/libgcc.a(_div_df.o)
 .bss           0x00030f78        0x0 /home/hwang/altera/11.0/nios2eds/bin/gnu/H-i686-pc-linux-gnu/bin/../lib/gcc/nios2-elf/4.1.2/mno-hw-mul/libgcc.a(_eq_df.o)
 .bss           0x00030f78        0x0 /home/hwang/altera/11.0/nios2eds/bin/gnu/H-i686-pc-linux-gnu/bin/../lib/gcc/nios2-elf/4.1.2/mno-hw-mul/libgcc.a(_ne_df.o)
 .bss           0x00030f78        0x0 /home/hwang/altera/11.0/nios2eds/bin/gnu/H-i686-pc-linux-gnu/bin/../lib/gcc/nios2-elf/4.1.2/mno-hw-mul/libgcc.a(_gt_df.o)
 .bss           0x00030f78        0x0 /home/hwang/altera/11.0/nios2eds/bin/gnu/H-i686-pc-linux-gnu/bin/../lib/gcc/nios2-elf/4.1.2/mno-hw-mul/libgcc.a(_ge_df.o)
 .bss           0x00030f78        0x0 /home/hwang/altera/11.0/nios2eds/bin/gnu/H-i686-pc-linux-gnu/bin/../lib/gcc/nios2-elf/4.1.2/mno-hw-mul/libgcc.a(_lt_df.o)
 .bss           0x00030f78        0x0 /home/hwang/altera/11.0/nios2eds/bin/gnu/H-i686-pc-linux-gnu/bin/../lib/gcc/nios2-elf/4.1.2/mno-hw-mul/libgcc.a(_si_to_df.o)
 .bss           0x00030f78        0x0 /home/hwang/altera/11.0/nios2eds/bin/gnu/H-i686-pc-linux-gnu/bin/../lib/gcc/nios2-elf/4.1.2/mno-hw-mul/libgcc.a(_df_to_si.o)
 .bss           0x00030f78        0x0 /home/hwang/altera/11.0/nios2eds/bin/gnu/H-i686-pc-linux-gnu/bin/../lib/gcc/nios2-elf/4.1.2/mno-hw-mul/libgcc.a(_thenan_df.o)
 .bss           0x00030f78        0x0 /home/hwang/altera/11.0/nios2eds/bin/gnu/H-i686-pc-linux-gnu/bin/../lib/gcc/nios2-elf/4.1.2/mno-hw-mul/libgcc.a(_usi_to_df.o)
 .bss           0x00030f78        0x0 /home/hwang/altera/11.0/nios2eds/bin/gnu/H-i686-pc-linux-gnu/bin/../lib/gcc/nios2-elf/4.1.2/mno-hw-mul/libgcc.a(lib2-divmod.o)
 .bss           0x00030f78        0x0 /home/hwang/altera/11.0/nios2eds/bin/gnu/H-i686-pc-linux-gnu/bin/../lib/gcc/nios2-elf/4.1.2/mno-hw-mul/libgcc.a(lib2-mul.o)
 .bss           0x00030f78        0x0 /home/hwang/altera/11.0/nios2eds/bin/gnu/H-i686-pc-linux-gnu/bin/../lib/gcc/nios2-elf/4.1.2/mno-hw-mul/libgcc.a(_muldi3.o)
 .bss           0x00030f78        0x0 /home/hwang/altera/11.0/nios2eds/bin/gnu/H-i686-pc-linux-gnu/bin/../lib/gcc/nios2-elf/4.1.2/mno-hw-mul/libgcc.a(_clz.o)
 .bss           0x00030f78        0x0 /home/hwang/altera/11.0/nios2eds/bin/gnu/H-i686-pc-linux-gnu/bin/../lib/gcc/nios2-elf/4.1.2/mno-hw-mul/libgcc.a(_clzsi2.o)
 .bss           0x00030f78        0x0 /home/hwang/altera/11.0/nios2eds/bin/gnu/H-i686-pc-linux-gnu/bin/../lib/gcc/nios2-elf/4.1.2/mno-hw-mul/libgcc.a(_pack_df.o)
 .bss           0x00030f78        0x0 /home/hwang/altera/11.0/nios2eds/bin/gnu/H-i686-pc-linux-gnu/bin/../lib/gcc/nios2-elf/4.1.2/mno-hw-mul/libgcc.a(_unpack_df.o)
 .bss           0x00030f78        0x0 /home/hwang/altera/11.0/nios2eds/bin/gnu/H-i686-pc-linux-gnu/bin/../lib/gcc/nios2-elf/4.1.2/mno-hw-mul/libgcc.a(_fpcmp_parts_df.o)
 .bss           0x00030f78        0x0 ../sonic_app_bsp//libhal_bsp.a(alt_close.o)
 .bss           0x00030f78        0x0 ../sonic_app_bsp//libhal_bsp.a(alt_dev.o)
 .bss           0x00030f78        0x0 ../sonic_app_bsp//libhal_bsp.a(alt_errno.o)
 .bss           0x00030f78        0x0 ../sonic_app_bsp//libhal_bsp.a(alt_fstat.o)
 .bss           0x00030f78        0x0 ../sonic_app_bsp//libhal_bsp.a(alt_iic.o)
 .bss           0x00030f78        0x0 ../sonic_app_bsp//libhal_bsp.a(alt_iic_isr_register.o)
 .bss           0x00030f78        0x0 ../sonic_app_bsp//libhal_bsp.a(alt_irq_entry.o)
 .bss           0x00030f78        0x0 ../sonic_app_bsp//libhal_bsp.a(alt_irq_handler.o)
 .bss           0x00030f78        0x0 ../sonic_app_bsp//libhal_bsp.a(alt_irq_vars.o)
 .bss           0x00030f78        0x0 ../sonic_app_bsp//libhal_bsp.a(alt_isatty.o)
 .bss           0x00030f78        0x0 ../sonic_app_bsp//libhal_bsp.a(alt_load.o)
 .bss           0x00030f78        0x0 ../sonic_app_bsp//libhal_bsp.a(alt_lseek.o)
 .bss           0x00030f78        0x0 ../sonic_app_bsp//libhal_bsp.a(alt_main.o)
 .bss           0x00030f78        0x0 ../sonic_app_bsp//libhal_bsp.a(alt_malloc_lock.o)
 .bss           0x00030f78        0x0 ../sonic_app_bsp//libhal_bsp.a(alt_read.o)
 .bss           0x00030f78        0x0 ../sonic_app_bsp//libhal_bsp.a(alt_release_fd.o)
 .bss           0x00030f78        0x0 ../sonic_app_bsp//libhal_bsp.a(alt_sbrk.o)
 .bss           0x00030f78        0x0 ../sonic_app_bsp//libhal_bsp.a(alt_write.o)
 .bss           0x00030f78        0x0 ../sonic_app_bsp//libhal_bsp.a(alt_sys_init.o)
 .bss           0x00030f78        0x0 ../sonic_app_bsp//libhal_bsp.a(altera_avalon_jtag_uart_fd.o)
 .bss           0x00030f78        0x0 ../sonic_app_bsp//libhal_bsp.a(altera_avalon_jtag_uart_init.o)
 .bss           0x00030f78        0x0 ../sonic_app_bsp//libhal_bsp.a(altera_avalon_jtag_uart_ioctl.o)
 .bss           0x00030f78        0x0 ../sonic_app_bsp//libhal_bsp.a(altera_avalon_jtag_uart_read.o)
 .bss           0x00030f78        0x0 ../sonic_app_bsp//libhal_bsp.a(altera_avalon_jtag_uart_write.o)
 .bss           0x00030f78        0x0 ../sonic_app_bsp//libhal_bsp.a(altera_avalon_timer_sc.o)
 .bss           0x00030f78        0x0 ../sonic_app_bsp//libhal_bsp.a(alt_alarm_start.o)
 .bss           0x00030f78        0x0 ../sonic_app_bsp//libhal_bsp.a(alt_dcache_flush_all.o)
 .bss           0x00030f78        0x0 ../sonic_app_bsp//libhal_bsp.a(alt_dev_llist_insert.o)
 .bss           0x00030f78        0x0 ../sonic_app_bsp//libhal_bsp.a(alt_do_ctors.o)
 .bss           0x00030f78        0x0 ../sonic_app_bsp//libhal_bsp.a(alt_do_dtors.o)
 .bss           0x00030f78        0x0 ../sonic_app_bsp//libhal_bsp.a(alt_exception_entry.o)
 .bss           0x00030f78        0x0 ../sonic_app_bsp//libhal_bsp.a(alt_icache_flush_all.o)
 .bss           0x00030f78        0x0 ../sonic_app_bsp//libhal_bsp.a(alt_io_redirect.o)
 .bss           0x00030f78        0x0 ../sonic_app_bsp//libhal_bsp.a(alt_open.o)
 .bss           0x00030f78        0x0 ../sonic_app_bsp//libhal_bsp.a(alt_tick.o)
 .bss           0x00030f78        0x0 ../sonic_app_bsp//libhal_bsp.a(altera_nios2_qsys_irq.o)
 .bss           0x00030f78        0x0 ../sonic_app_bsp//libhal_bsp.a(alt_find_dev.o)
 .bss           0x00030f78        0x0 ../sonic_app_bsp//libhal_bsp.a(alt_find_file.o)
 .bss           0x00030f78        0x0 ../sonic_app_bsp//libhal_bsp.a(alt_get_fd.o)
 .bss           0x00030f78        0x0 /home/hwang/altera/11.0/nios2eds/bin/gnu/H-i686-pc-linux-gnu/bin/../lib/gcc/nios2-elf/4.1.2/../../../../nios2-elf/lib/mno-hw-mul/libc.a(lib_a-atexit.o)
 .bss           0x00030f78        0x0 /home/hwang/altera/11.0/nios2eds/bin/gnu/H-i686-pc-linux-gnu/bin/../lib/gcc/nios2-elf/4.1.2/../../../../nios2-elf/lib/mno-hw-mul/libc.a(lib_a-exit.o)
 .bss           0x00030f78        0x0 /home/hwang/altera/11.0/nios2eds/bin/gnu/H-i686-pc-linux-gnu/bin/../lib/gcc/nios2-elf/4.1.2/../../../../nios2-elf/lib/mno-hw-mul/libc.a(lib_a-memcmp.o)
 .bss           0x00030f78        0x0 /home/hwang/altera/11.0/nios2eds/bin/gnu/H-i686-pc-linux-gnu/bin/../lib/gcc/nios2-elf/4.1.2/../../../../nios2-elf/lib/mno-hw-mul/libc.a(lib_a-__atexit.o)
 .bss           0x00030f78        0x0 /home/hwang/altera/11.0/nios2eds/bin/gnu/H-i686-pc-linux-gnu/bin/../lib/gcc/nios2-elf/4.1.2/../../../../nios2-elf/lib/mno-hw-mul/libc.a(lib_a-__call_atexit.o)
 .bss           0x00030f78        0x0 ../sonic_app_bsp//libhal_bsp.a(alt_exit.o)
 *(COMMON)
 COMMON         0x00030f78      0x100 ../sonic_app_bsp//libhal_bsp.a(alt_irq_handler.o)
                0x00030f78                alt_irq
 COMMON         0x00031078      0x190 /home/hwang/altera/11.0/nios2eds/bin/gnu/H-i686-pc-linux-gnu/bin/../lib/gcc/nios2-elf/4.1.2/../../../../nios2-elf/lib/mno-hw-mul/libc.a(lib_a-atexit.o)
                0x00031078                _atexit0
                0x00031208                . = ALIGN (0x4)
                0x00031208                __bss_end = ABSOLUTE (.)

.nios_base_onchip_ram
                0x00031208        0x0
                0x00031208                PROVIDE (_alt_partition_nios_base_onchip_ram_start, ABSOLUTE (.))
 *(.nios_base_onchip_ram. nios_base_onchip_ram.*)
                0x00031208                . = ALIGN (0x4)
                0x00031208                PROVIDE (_alt_partition_nios_base_onchip_ram_end, ABSOLUTE (.))
                0x00031208                _end = ABSOLUTE (.)
                0x00031208                end = ABSOLUTE (.)
                0x00031208                __alt_stack_base = ABSOLUTE (.)
                0x00031208                PROVIDE (_alt_partition_nios_base_onchip_ram_load_addr, LOADADDR (.nios_base_onchip_ram))

.stab
 *(.stab)

.stabstr
 *(.stabstr)

.stab.excl
 *(.stab.excl)

.stab.exclstr
 *(.stab.exclstr)

.stab.index
 *(.stab.index)

.stab.indexstr
 *(.stab.indexstr)

.comment        0x00000000       0x23
 *(.comment)
 .comment       0x00000000       0x23 obj/debug.o
                                 0x24 (size before relaxing)
 .comment       0x00000000       0x24 obj/main.o
 .comment       0x00000000       0x24 obj/routines.o
 .comment       0x00000000       0x24 obj/sonic_io.o
 .comment       0x00000000       0x24 /home/hwang/altera/11.0/nios2eds/bin/gnu/H-i686-pc-linux-gnu/bin/../lib/gcc/nios2-elf/4.1.2/../../../../nios2-elf/lib/mno-hw-mul/libc.a(lib_a-impure.o)
 .comment       0x00000000       0x24 /home/hwang/altera/11.0/nios2eds/bin/gnu/H-i686-pc-linux-gnu/bin/../lib/gcc/nios2-elf/4.1.2/../../../../nios2-elf/lib/mno-hw-mul/libc.a(lib_a-printf.o)
 .comment       0x00000000       0x24 /home/hwang/altera/11.0/nios2eds/bin/gnu/H-i686-pc-linux-gnu/bin/../lib/gcc/nios2-elf/4.1.2/../../../../nios2-elf/lib/mno-hw-mul/libc.a(lib_a-vfprintf.o)
 .comment       0x00000000       0x24 /home/hwang/altera/11.0/nios2eds/bin/gnu/H-i686-pc-linux-gnu/bin/../lib/gcc/nios2-elf/4.1.2/../../../../nios2-elf/lib/mno-hw-mul/libc.a(lib_a-vfprintf_1.o)
 .comment       0x00000000       0x24 /home/hwang/altera/11.0/nios2eds/bin/gnu/H-i686-pc-linux-gnu/bin/../lib/gcc/nios2-elf/4.1.2/../../../../nios2-elf/lib/mno-hw-mul/libc.a(lib_a-wsetup.o)
 .comment       0x00000000       0x24 /home/hwang/altera/11.0/nios2eds/bin/gnu/H-i686-pc-linux-gnu/bin/../lib/gcc/nios2-elf/4.1.2/../../../../nios2-elf/lib/mno-hw-mul/libc.a(lib_a-dtoa.o)
 .comment       0x00000000       0x24 /home/hwang/altera/11.0/nios2eds/bin/gnu/H-i686-pc-linux-gnu/bin/../lib/gcc/nios2-elf/4.1.2/../../../../nios2-elf/lib/mno-hw-mul/libc.a(lib_a-fflush.o)
 .comment       0x00000000       0x24 /home/hwang/altera/11.0/nios2eds/bin/gnu/H-i686-pc-linux-gnu/bin/../lib/gcc/nios2-elf/4.1.2/../../../../nios2-elf/lib/mno-hw-mul/libc.a(lib_a-findfp.o)
 .comment       0x00000000       0x24 /home/hwang/altera/11.0/nios2eds/bin/gnu/H-i686-pc-linux-gnu/bin/../lib/gcc/nios2-elf/4.1.2/../../../../nios2-elf/lib/mno-hw-mul/libc.a(lib_a-freer.o)
 .comment       0x00000000       0x24 /home/hwang/altera/11.0/nios2eds/bin/gnu/H-i686-pc-linux-gnu/bin/../lib/gcc/nios2-elf/4.1.2/../../../../nios2-elf/lib/mno-hw-mul/libc.a(lib_a-fvwrite.o)
 .comment       0x00000000       0x24 /home/hwang/altera/11.0/nios2eds/bin/gnu/H-i686-pc-linux-gnu/bin/../lib/gcc/nios2-elf/4.1.2/../../../../nios2-elf/lib/mno-hw-mul/libc.a(lib_a-fwalk.o)
 .comment       0x00000000       0x24 /home/hwang/altera/11.0/nios2eds/bin/gnu/H-i686-pc-linux-gnu/bin/../lib/gcc/nios2-elf/4.1.2/../../../../nios2-elf/lib/mno-hw-mul/libc.a(lib_a-locale.o)
 .comment       0x00000000       0x24 /home/hwang/altera/11.0/nios2eds/bin/gnu/H-i686-pc-linux-gnu/bin/../lib/gcc/nios2-elf/4.1.2/../../../../nios2-elf/lib/mno-hw-mul/libc.a(lib_a-makebuf.o)
 .comment       0x00000000       0x24 /home/hwang/altera/11.0/nios2eds/bin/gnu/H-i686-pc-linux-gnu/bin/../lib/gcc/nios2-elf/4.1.2/../../../../nios2-elf/lib/mno-hw-mul/libc.a(lib_a-mallocr.o)
 .comment       0x00000000       0x24 /home/hwang/altera/11.0/nios2eds/bin/gnu/H-i686-pc-linux-gnu/bin/../lib/gcc/nios2-elf/4.1.2/../../../../nios2-elf/lib/mno-hw-mul/libc.a(lib_a-memchr.o)
 .comment       0x00000000       0x24 /home/hwang/altera/11.0/nios2eds/bin/gnu/H-i686-pc-linux-gnu/bin/../lib/gcc/nios2-elf/4.1.2/../../../../nios2-elf/lib/mno-hw-mul/libc.a(lib_a-memcpy.o)
 .comment       0x00000000       0x24 /home/hwang/altera/11.0/nios2eds/bin/gnu/H-i686-pc-linux-gnu/bin/../lib/gcc/nios2-elf/4.1.2/../../../../nios2-elf/lib/mno-hw-mul/libc.a(lib_a-memmove.o)
 .comment       0x00000000       0x24 /home/hwang/altera/11.0/nios2eds/bin/gnu/H-i686-pc-linux-gnu/bin/../lib/gcc/nios2-elf/4.1.2/../../../../nios2-elf/lib/mno-hw-mul/libc.a(lib_a-memset.o)
 .comment       0x00000000       0x24 /home/hwang/altera/11.0/nios2eds/bin/gnu/H-i686-pc-linux-gnu/bin/../lib/gcc/nios2-elf/4.1.2/../../../../nios2-elf/lib/mno-hw-mul/libc.a(lib_a-mprec.o)
 .comment       0x00000000       0x24 /home/hwang/altera/11.0/nios2eds/bin/gnu/H-i686-pc-linux-gnu/bin/../lib/gcc/nios2-elf/4.1.2/../../../../nios2-elf/lib/mno-hw-mul/libc.a(lib_a-reallocr.o)
 .comment       0x00000000       0x24 /home/hwang/altera/11.0/nios2eds/bin/gnu/H-i686-pc-linux-gnu/bin/../lib/gcc/nios2-elf/4.1.2/../../../../nios2-elf/lib/mno-hw-mul/libc.a(lib_a-s_isinfd.o)
 .comment       0x00000000       0x24 /home/hwang/altera/11.0/nios2eds/bin/gnu/H-i686-pc-linux-gnu/bin/../lib/gcc/nios2-elf/4.1.2/../../../../nios2-elf/lib/mno-hw-mul/libc.a(lib_a-s_isnand.o)
 .comment       0x00000000       0x24 /home/hwang/altera/11.0/nios2eds/bin/gnu/H-i686-pc-linux-gnu/bin/../lib/gcc/nios2-elf/4.1.2/../../../../nios2-elf/lib/mno-hw-mul/libc.a(lib_a-sbrkr.o)
 .comment       0x00000000       0x24 /home/hwang/altera/11.0/nios2eds/bin/gnu/H-i686-pc-linux-gnu/bin/../lib/gcc/nios2-elf/4.1.2/../../../../nios2-elf/lib/mno-hw-mul/libc.a(lib_a-stdio.o)
 .comment       0x00000000       0x24 /home/hwang/altera/11.0/nios2eds/bin/gnu/H-i686-pc-linux-gnu/bin/../lib/gcc/nios2-elf/4.1.2/../../../../nios2-elf/lib/mno-hw-mul/libc.a(lib_a-strcmp.o)
 .comment       0x00000000       0x24 /home/hwang/altera/11.0/nios2eds/bin/gnu/H-i686-pc-linux-gnu/bin/../lib/gcc/nios2-elf/4.1.2/../../../../nios2-elf/lib/mno-hw-mul/libc.a(lib_a-strlen.o)
 .comment       0x00000000       0x24 /home/hwang/altera/11.0/nios2eds/bin/gnu/H-i686-pc-linux-gnu/bin/../lib/gcc/nios2-elf/4.1.2/../../../../nios2-elf/lib/mno-hw-mul/libc.a(lib_a-writer.o)
 .comment       0x00000000       0x24 /home/hwang/altera/11.0/nios2eds/bin/gnu/H-i686-pc-linux-gnu/bin/../lib/gcc/nios2-elf/4.1.2/../../../../nios2-elf/lib/mno-hw-mul/libc.a(lib_a-callocr.o)
 .comment       0x00000000       0x24 /home/hwang/altera/11.0/nios2eds/bin/gnu/H-i686-pc-linux-gnu/bin/../lib/gcc/nios2-elf/4.1.2/../../../../nios2-elf/lib/mno-hw-mul/libc.a(lib_a-closer.o)
 .comment       0x00000000       0x24 /home/hwang/altera/11.0/nios2eds/bin/gnu/H-i686-pc-linux-gnu/bin/../lib/gcc/nios2-elf/4.1.2/../../../../nios2-elf/lib/mno-hw-mul/libc.a(lib_a-fclose.o)
 .comment       0x00000000       0x24 /home/hwang/altera/11.0/nios2eds/bin/gnu/H-i686-pc-linux-gnu/bin/../lib/gcc/nios2-elf/4.1.2/../../../../nios2-elf/lib/mno-hw-mul/libc.a(lib_a-fstatr.o)
 .comment       0x00000000       0x24 /home/hwang/altera/11.0/nios2eds/bin/gnu/H-i686-pc-linux-gnu/bin/../lib/gcc/nios2-elf/4.1.2/../../../../nios2-elf/lib/mno-hw-mul/libc.a(lib_a-int_errno.o)
 .comment       0x00000000       0x24 /home/hwang/altera/11.0/nios2eds/bin/gnu/H-i686-pc-linux-gnu/bin/../lib/gcc/nios2-elf/4.1.2/../../../../nios2-elf/lib/mno-hw-mul/libc.a(lib_a-isattyr.o)
 .comment       0x00000000       0x24 /home/hwang/altera/11.0/nios2eds/bin/gnu/H-i686-pc-linux-gnu/bin/../lib/gcc/nios2-elf/4.1.2/../../../../nios2-elf/lib/mno-hw-mul/libc.a(lib_a-lseekr.o)
 .comment       0x00000000       0x24 /home/hwang/altera/11.0/nios2eds/bin/gnu/H-i686-pc-linux-gnu/bin/../lib/gcc/nios2-elf/4.1.2/../../../../nios2-elf/lib/mno-hw-mul/libc.a(lib_a-readr.o)
 .comment       0x00000000       0x24 /home/hwang/altera/11.0/nios2eds/bin/gnu/H-i686-pc-linux-gnu/bin/../lib/gcc/nios2-elf/4.1.2/mno-hw-mul/libgcc.a(_udivdi3.o)
 .comment       0x00000000       0x24 /home/hwang/altera/11.0/nios2eds/bin/gnu/H-i686-pc-linux-gnu/bin/../lib/gcc/nios2-elf/4.1.2/mno-hw-mul/libgcc.a(_umoddi3.o)
 .comment       0x00000000       0x24 /home/hwang/altera/11.0/nios2eds/bin/gnu/H-i686-pc-linux-gnu/bin/../lib/gcc/nios2-elf/4.1.2/mno-hw-mul/libgcc.a(_addsub_df.o)
 .comment       0x00000000       0x24 /home/hwang/altera/11.0/nios2eds/bin/gnu/H-i686-pc-linux-gnu/bin/../lib/gcc/nios2-elf/4.1.2/mno-hw-mul/libgcc.a(_mul_df.o)
 .comment       0x00000000       0x24 /home/hwang/altera/11.0/nios2eds/bin/gnu/H-i686-pc-linux-gnu/bin/../lib/gcc/nios2-elf/4.1.2/mno-hw-mul/libgcc.a(_div_df.o)
 .comment       0x00000000       0x24 /home/hwang/altera/11.0/nios2eds/bin/gnu/H-i686-pc-linux-gnu/bin/../lib/gcc/nios2-elf/4.1.2/mno-hw-mul/libgcc.a(_eq_df.o)
 .comment       0x00000000       0x24 /home/hwang/altera/11.0/nios2eds/bin/gnu/H-i686-pc-linux-gnu/bin/../lib/gcc/nios2-elf/4.1.2/mno-hw-mul/libgcc.a(_ne_df.o)
 .comment       0x00000000       0x24 /home/hwang/altera/11.0/nios2eds/bin/gnu/H-i686-pc-linux-gnu/bin/../lib/gcc/nios2-elf/4.1.2/mno-hw-mul/libgcc.a(_gt_df.o)
 .comment       0x00000000       0x24 /home/hwang/altera/11.0/nios2eds/bin/gnu/H-i686-pc-linux-gnu/bin/../lib/gcc/nios2-elf/4.1.2/mno-hw-mul/libgcc.a(_ge_df.o)
 .comment       0x00000000       0x24 /home/hwang/altera/11.0/nios2eds/bin/gnu/H-i686-pc-linux-gnu/bin/../lib/gcc/nios2-elf/4.1.2/mno-hw-mul/libgcc.a(_lt_df.o)
 .comment       0x00000000       0x24 /home/hwang/altera/11.0/nios2eds/bin/gnu/H-i686-pc-linux-gnu/bin/../lib/gcc/nios2-elf/4.1.2/mno-hw-mul/libgcc.a(_si_to_df.o)
 .comment       0x00000000       0x24 /home/hwang/altera/11.0/nios2eds/bin/gnu/H-i686-pc-linux-gnu/bin/../lib/gcc/nios2-elf/4.1.2/mno-hw-mul/libgcc.a(_df_to_si.o)
 .comment       0x00000000       0x24 /home/hwang/altera/11.0/nios2eds/bin/gnu/H-i686-pc-linux-gnu/bin/../lib/gcc/nios2-elf/4.1.2/mno-hw-mul/libgcc.a(_thenan_df.o)
 .comment       0x00000000       0x24 /home/hwang/altera/11.0/nios2eds/bin/gnu/H-i686-pc-linux-gnu/bin/../lib/gcc/nios2-elf/4.1.2/mno-hw-mul/libgcc.a(_usi_to_df.o)
 .comment       0x00000000       0x24 /home/hwang/altera/11.0/nios2eds/bin/gnu/H-i686-pc-linux-gnu/bin/../lib/gcc/nios2-elf/4.1.2/mno-hw-mul/libgcc.a(lib2-divmod.o)
 .comment       0x00000000       0x24 /home/hwang/altera/11.0/nios2eds/bin/gnu/H-i686-pc-linux-gnu/bin/../lib/gcc/nios2-elf/4.1.2/mno-hw-mul/libgcc.a(lib2-mul.o)
 .comment       0x00000000       0x24 /home/hwang/altera/11.0/nios2eds/bin/gnu/H-i686-pc-linux-gnu/bin/../lib/gcc/nios2-elf/4.1.2/mno-hw-mul/libgcc.a(_muldi3.o)
 .comment       0x00000000       0x24 /home/hwang/altera/11.0/nios2eds/bin/gnu/H-i686-pc-linux-gnu/bin/../lib/gcc/nios2-elf/4.1.2/mno-hw-mul/libgcc.a(_clz.o)
 .comment       0x00000000       0x24 /home/hwang/altera/11.0/nios2eds/bin/gnu/H-i686-pc-linux-gnu/bin/../lib/gcc/nios2-elf/4.1.2/mno-hw-mul/libgcc.a(_clzsi2.o)
 .comment       0x00000000       0x24 /home/hwang/altera/11.0/nios2eds/bin/gnu/H-i686-pc-linux-gnu/bin/../lib/gcc/nios2-elf/4.1.2/mno-hw-mul/libgcc.a(_pack_df.o)
 .comment       0x00000000       0x24 /home/hwang/altera/11.0/nios2eds/bin/gnu/H-i686-pc-linux-gnu/bin/../lib/gcc/nios2-elf/4.1.2/mno-hw-mul/libgcc.a(_unpack_df.o)
 .comment       0x00000000       0x24 /home/hwang/altera/11.0/nios2eds/bin/gnu/H-i686-pc-linux-gnu/bin/../lib/gcc/nios2-elf/4.1.2/mno-hw-mul/libgcc.a(_fpcmp_parts_df.o)
 .comment       0x00000000       0x24 ../sonic_app_bsp//libhal_bsp.a(alt_close.o)
 .comment       0x00000000       0x24 ../sonic_app_bsp//libhal_bsp.a(alt_dev.o)
 .comment       0x00000000       0x24 ../sonic_app_bsp//libhal_bsp.a(alt_errno.o)
 .comment       0x00000000       0x24 ../sonic_app_bsp//libhal_bsp.a(alt_fstat.o)
 .comment       0x00000000       0x24 ../sonic_app_bsp//libhal_bsp.a(alt_iic.o)
 .comment       0x00000000       0x24 ../sonic_app_bsp//libhal_bsp.a(alt_iic_isr_register.o)
 .comment       0x00000000       0x24 ../sonic_app_bsp//libhal_bsp.a(alt_irq_handler.o)
 .comment       0x00000000       0x24 ../sonic_app_bsp//libhal_bsp.a(alt_irq_vars.o)
 .comment       0x00000000       0x24 ../sonic_app_bsp//libhal_bsp.a(alt_isatty.o)
 .comment       0x00000000       0x24 ../sonic_app_bsp//libhal_bsp.a(alt_load.o)
 .comment       0x00000000       0x24 ../sonic_app_bsp//libhal_bsp.a(alt_lseek.o)
 .comment       0x00000000       0x24 ../sonic_app_bsp//libhal_bsp.a(alt_main.o)
 .comment       0x00000000       0x24 ../sonic_app_bsp//libhal_bsp.a(alt_malloc_lock.o)
 .comment       0x00000000       0x24 ../sonic_app_bsp//libhal_bsp.a(alt_read.o)
 .comment       0x00000000       0x24 ../sonic_app_bsp//libhal_bsp.a(alt_release_fd.o)
 .comment       0x00000000       0x24 ../sonic_app_bsp//libhal_bsp.a(alt_sbrk.o)
 .comment       0x00000000       0x24 ../sonic_app_bsp//libhal_bsp.a(alt_write.o)
 .comment       0x00000000       0x24 ../sonic_app_bsp//libhal_bsp.a(alt_sys_init.o)
 .comment       0x00000000       0x24 ../sonic_app_bsp//libhal_bsp.a(altera_avalon_jtag_uart_fd.o)
 .comment       0x00000000       0x24 ../sonic_app_bsp//libhal_bsp.a(altera_avalon_jtag_uart_init.o)
 .comment       0x00000000       0x24 ../sonic_app_bsp//libhal_bsp.a(altera_avalon_jtag_uart_ioctl.o)
 .comment       0x00000000       0x24 ../sonic_app_bsp//libhal_bsp.a(altera_avalon_jtag_uart_read.o)
 .comment       0x00000000       0x24 ../sonic_app_bsp//libhal_bsp.a(altera_avalon_jtag_uart_write.o)
 .comment       0x00000000       0x24 ../sonic_app_bsp//libhal_bsp.a(altera_avalon_timer_sc.o)
 .comment       0x00000000       0x24 ../sonic_app_bsp//libhal_bsp.a(alt_alarm_start.o)
 .comment       0x00000000       0x24 ../sonic_app_bsp//libhal_bsp.a(alt_dcache_flush_all.o)
 .comment       0x00000000       0x24 ../sonic_app_bsp//libhal_bsp.a(alt_dev_llist_insert.o)
 .comment       0x00000000       0x24 ../sonic_app_bsp//libhal_bsp.a(alt_do_ctors.o)
 .comment       0x00000000       0x24 ../sonic_app_bsp//libhal_bsp.a(alt_do_dtors.o)
 .comment       0x00000000       0x24 ../sonic_app_bsp//libhal_bsp.a(alt_icache_flush_all.o)
 .comment       0x00000000       0x24 ../sonic_app_bsp//libhal_bsp.a(alt_io_redirect.o)
 .comment       0x00000000       0x24 ../sonic_app_bsp//libhal_bsp.a(alt_open.o)
 .comment       0x00000000       0x24 ../sonic_app_bsp//libhal_bsp.a(alt_tick.o)
 .comment       0x00000000       0x24 ../sonic_app_bsp//libhal_bsp.a(altera_nios2_qsys_irq.o)
 .comment       0x00000000       0x24 ../sonic_app_bsp//libhal_bsp.a(alt_find_dev.o)
 .comment       0x00000000       0x24 ../sonic_app_bsp//libhal_bsp.a(alt_find_file.o)
 .comment       0x00000000       0x24 ../sonic_app_bsp//libhal_bsp.a(alt_get_fd.o)
 .comment       0x00000000       0x24 /home/hwang/altera/11.0/nios2eds/bin/gnu/H-i686-pc-linux-gnu/bin/../lib/gcc/nios2-elf/4.1.2/../../../../nios2-elf/lib/mno-hw-mul/libc.a(lib_a-atexit.o)
 .comment       0x00000000       0x24 /home/hwang/altera/11.0/nios2eds/bin/gnu/H-i686-pc-linux-gnu/bin/../lib/gcc/nios2-elf/4.1.2/../../../../nios2-elf/lib/mno-hw-mul/libc.a(lib_a-exit.o)
 .comment       0x00000000       0x24 /home/hwang/altera/11.0/nios2eds/bin/gnu/H-i686-pc-linux-gnu/bin/../lib/gcc/nios2-elf/4.1.2/../../../../nios2-elf/lib/mno-hw-mul/libc.a(lib_a-memcmp.o)
 .comment       0x00000000       0x24 /home/hwang/altera/11.0/nios2eds/bin/gnu/H-i686-pc-linux-gnu/bin/../lib/gcc/nios2-elf/4.1.2/../../../../nios2-elf/lib/mno-hw-mul/libc.a(lib_a-__atexit.o)
 .comment       0x00000000       0x24 /home/hwang/altera/11.0/nios2eds/bin/gnu/H-i686-pc-linux-gnu/bin/../lib/gcc/nios2-elf/4.1.2/../../../../nios2-elf/lib/mno-hw-mul/libc.a(lib_a-__call_atexit.o)
 .comment       0x00000000       0x24 ../sonic_app_bsp//libhal_bsp.a(alt_exit.o)

.debug
 *(.debug)

.line
 *(.line)

.debug_srcinfo
 *(.debug_srcinfo)

.debug_sfnames
 *(.debug_sfnames)

.debug_aranges  0x00000000      0xcd8
 *(.debug_aranges)
 .debug_aranges
                0x00000000       0x28 ../sonic_app_bsp//obj/HAL/src/crt0.o
 .debug_aranges
                0x00000028       0x20 obj/debug.o
 .debug_aranges
                0x00000048       0x20 obj/main.o
 .debug_aranges
                0x00000068       0x20 obj/routines.o
 .debug_aranges
                0x00000088       0x20 obj/sonic_io.o
 .debug_aranges
                0x000000a8       0x20 /home/hwang/altera/11.0/nios2eds/bin/gnu/H-i686-pc-linux-gnu/bin/../lib/gcc/nios2-elf/4.1.2/../../../../nios2-elf/lib/mno-hw-mul/libc.a(lib_a-printf.o)
 .debug_aranges
                0x000000c8       0x20 /home/hwang/altera/11.0/nios2eds/bin/gnu/H-i686-pc-linux-gnu/bin/../lib/gcc/nios2-elf/4.1.2/../../../../nios2-elf/lib/mno-hw-mul/libc.a(lib_a-vfprintf.o)
 .debug_aranges
                0x000000e8       0x20 /home/hwang/altera/11.0/nios2eds/bin/gnu/H-i686-pc-linux-gnu/bin/../lib/gcc/nios2-elf/4.1.2/../../../../nios2-elf/lib/mno-hw-mul/libc.a(lib_a-vfprintf_1.o)
 .debug_aranges
                0x00000108       0x20 /home/hwang/altera/11.0/nios2eds/bin/gnu/H-i686-pc-linux-gnu/bin/../lib/gcc/nios2-elf/4.1.2/../../../../nios2-elf/lib/mno-hw-mul/libc.a(lib_a-wsetup.o)
 .debug_aranges
                0x00000128       0x20 /home/hwang/altera/11.0/nios2eds/bin/gnu/H-i686-pc-linux-gnu/bin/../lib/gcc/nios2-elf/4.1.2/../../../../nios2-elf/lib/mno-hw-mul/libc.a(lib_a-dtoa.o)
 .debug_aranges
                0x00000148       0x20 /home/hwang/altera/11.0/nios2eds/bin/gnu/H-i686-pc-linux-gnu/bin/../lib/gcc/nios2-elf/4.1.2/../../../../nios2-elf/lib/mno-hw-mul/libc.a(lib_a-fflush.o)
 .debug_aranges
                0x00000168       0x20 /home/hwang/altera/11.0/nios2eds/bin/gnu/H-i686-pc-linux-gnu/bin/../lib/gcc/nios2-elf/4.1.2/../../../../nios2-elf/lib/mno-hw-mul/libc.a(lib_a-findfp.o)
 .debug_aranges
                0x00000188       0x20 /home/hwang/altera/11.0/nios2eds/bin/gnu/H-i686-pc-linux-gnu/bin/../lib/gcc/nios2-elf/4.1.2/../../../../nios2-elf/lib/mno-hw-mul/libc.a(lib_a-freer.o)
 .debug_aranges
                0x000001a8       0x20 /home/hwang/altera/11.0/nios2eds/bin/gnu/H-i686-pc-linux-gnu/bin/../lib/gcc/nios2-elf/4.1.2/../../../../nios2-elf/lib/mno-hw-mul/libc.a(lib_a-fvwrite.o)
 .debug_aranges
                0x000001c8       0x20 /home/hwang/altera/11.0/nios2eds/bin/gnu/H-i686-pc-linux-gnu/bin/../lib/gcc/nios2-elf/4.1.2/../../../../nios2-elf/lib/mno-hw-mul/libc.a(lib_a-fwalk.o)
 .debug_aranges
                0x000001e8       0x20 /home/hwang/altera/11.0/nios2eds/bin/gnu/H-i686-pc-linux-gnu/bin/../lib/gcc/nios2-elf/4.1.2/../../../../nios2-elf/lib/mno-hw-mul/libc.a(lib_a-locale.o)
 .debug_aranges
                0x00000208       0x20 /home/hwang/altera/11.0/nios2eds/bin/gnu/H-i686-pc-linux-gnu/bin/../lib/gcc/nios2-elf/4.1.2/../../../../nios2-elf/lib/mno-hw-mul/libc.a(lib_a-makebuf.o)
 .debug_aranges
                0x00000228       0x20 /home/hwang/altera/11.0/nios2eds/bin/gnu/H-i686-pc-linux-gnu/bin/../lib/gcc/nios2-elf/4.1.2/../../../../nios2-elf/lib/mno-hw-mul/libc.a(lib_a-mallocr.o)
 .debug_aranges
                0x00000248       0x20 /home/hwang/altera/11.0/nios2eds/bin/gnu/H-i686-pc-linux-gnu/bin/../lib/gcc/nios2-elf/4.1.2/../../../../nios2-elf/lib/mno-hw-mul/libc.a(lib_a-memchr.o)
 .debug_aranges
                0x00000268       0x20 /home/hwang/altera/11.0/nios2eds/bin/gnu/H-i686-pc-linux-gnu/bin/../lib/gcc/nios2-elf/4.1.2/../../../../nios2-elf/lib/mno-hw-mul/libc.a(lib_a-memcpy.o)
 .debug_aranges
                0x00000288       0x20 /home/hwang/altera/11.0/nios2eds/bin/gnu/H-i686-pc-linux-gnu/bin/../lib/gcc/nios2-elf/4.1.2/../../../../nios2-elf/lib/mno-hw-mul/libc.a(lib_a-memmove.o)
 .debug_aranges
                0x000002a8       0x20 /home/hwang/altera/11.0/nios2eds/bin/gnu/H-i686-pc-linux-gnu/bin/../lib/gcc/nios2-elf/4.1.2/../../../../nios2-elf/lib/mno-hw-mul/libc.a(lib_a-memset.o)
 .debug_aranges
                0x000002c8       0x20 /home/hwang/altera/11.0/nios2eds/bin/gnu/H-i686-pc-linux-gnu/bin/../lib/gcc/nios2-elf/4.1.2/../../../../nios2-elf/lib/mno-hw-mul/libc.a(lib_a-mprec.o)
 .debug_aranges
                0x000002e8       0x20 /home/hwang/altera/11.0/nios2eds/bin/gnu/H-i686-pc-linux-gnu/bin/../lib/gcc/nios2-elf/4.1.2/../../../../nios2-elf/lib/mno-hw-mul/libc.a(lib_a-reallocr.o)
 .debug_aranges
                0x00000308       0x20 /home/hwang/altera/11.0/nios2eds/bin/gnu/H-i686-pc-linux-gnu/bin/../lib/gcc/nios2-elf/4.1.2/../../../../nios2-elf/lib/mno-hw-mul/libc.a(lib_a-s_isinfd.o)
 .debug_aranges
                0x00000328       0x20 /home/hwang/altera/11.0/nios2eds/bin/gnu/H-i686-pc-linux-gnu/bin/../lib/gcc/nios2-elf/4.1.2/../../../../nios2-elf/lib/mno-hw-mul/libc.a(lib_a-s_isnand.o)
 .debug_aranges
                0x00000348       0x20 /home/hwang/altera/11.0/nios2eds/bin/gnu/H-i686-pc-linux-gnu/bin/../lib/gcc/nios2-elf/4.1.2/../../../../nios2-elf/lib/mno-hw-mul/libc.a(lib_a-sbrkr.o)
 .debug_aranges
                0x00000368       0x20 /home/hwang/altera/11.0/nios2eds/bin/gnu/H-i686-pc-linux-gnu/bin/../lib/gcc/nios2-elf/4.1.2/../../../../nios2-elf/lib/mno-hw-mul/libc.a(lib_a-stdio.o)
 .debug_aranges
                0x00000388       0x20 /home/hwang/altera/11.0/nios2eds/bin/gnu/H-i686-pc-linux-gnu/bin/../lib/gcc/nios2-elf/4.1.2/../../../../nios2-elf/lib/mno-hw-mul/libc.a(lib_a-strcmp.o)
 .debug_aranges
                0x000003a8       0x20 /home/hwang/altera/11.0/nios2eds/bin/gnu/H-i686-pc-linux-gnu/bin/../lib/gcc/nios2-elf/4.1.2/../../../../nios2-elf/lib/mno-hw-mul/libc.a(lib_a-strlen.o)
 .debug_aranges
                0x000003c8       0x20 /home/hwang/altera/11.0/nios2eds/bin/gnu/H-i686-pc-linux-gnu/bin/../lib/gcc/nios2-elf/4.1.2/../../../../nios2-elf/lib/mno-hw-mul/libc.a(lib_a-writer.o)
 .debug_aranges
                0x000003e8       0x20 /home/hwang/altera/11.0/nios2eds/bin/gnu/H-i686-pc-linux-gnu/bin/../lib/gcc/nios2-elf/4.1.2/../../../../nios2-elf/lib/mno-hw-mul/libc.a(lib_a-callocr.o)
 .debug_aranges
                0x00000408       0x20 /home/hwang/altera/11.0/nios2eds/bin/gnu/H-i686-pc-linux-gnu/bin/../lib/gcc/nios2-elf/4.1.2/../../../../nios2-elf/lib/mno-hw-mul/libc.a(lib_a-closer.o)
 .debug_aranges
                0x00000428       0x20 /home/hwang/altera/11.0/nios2eds/bin/gnu/H-i686-pc-linux-gnu/bin/../lib/gcc/nios2-elf/4.1.2/../../../../nios2-elf/lib/mno-hw-mul/libc.a(lib_a-fclose.o)
 .debug_aranges
                0x00000448       0x20 /home/hwang/altera/11.0/nios2eds/bin/gnu/H-i686-pc-linux-gnu/bin/../lib/gcc/nios2-elf/4.1.2/../../../../nios2-elf/lib/mno-hw-mul/libc.a(lib_a-fstatr.o)
 .debug_aranges
                0x00000468       0x20 /home/hwang/altera/11.0/nios2eds/bin/gnu/H-i686-pc-linux-gnu/bin/../lib/gcc/nios2-elf/4.1.2/../../../../nios2-elf/lib/mno-hw-mul/libc.a(lib_a-isattyr.o)
 .debug_aranges
                0x00000488       0x20 /home/hwang/altera/11.0/nios2eds/bin/gnu/H-i686-pc-linux-gnu/bin/../lib/gcc/nios2-elf/4.1.2/../../../../nios2-elf/lib/mno-hw-mul/libc.a(lib_a-lseekr.o)
 .debug_aranges
                0x000004a8       0x20 /home/hwang/altera/11.0/nios2eds/bin/gnu/H-i686-pc-linux-gnu/bin/../lib/gcc/nios2-elf/4.1.2/../../../../nios2-elf/lib/mno-hw-mul/libc.a(lib_a-readr.o)
 .debug_aranges
                0x000004c8       0x20 /home/hwang/altera/11.0/nios2eds/bin/gnu/H-i686-pc-linux-gnu/bin/../lib/gcc/nios2-elf/4.1.2/mno-hw-mul/libgcc.a(_udivdi3.o)
 .debug_aranges
                0x000004e8       0x20 /home/hwang/altera/11.0/nios2eds/bin/gnu/H-i686-pc-linux-gnu/bin/../lib/gcc/nios2-elf/4.1.2/mno-hw-mul/libgcc.a(_umoddi3.o)
 .debug_aranges
                0x00000508       0x20 /home/hwang/altera/11.0/nios2eds/bin/gnu/H-i686-pc-linux-gnu/bin/../lib/gcc/nios2-elf/4.1.2/mno-hw-mul/libgcc.a(_addsub_df.o)
 .debug_aranges
                0x00000528       0x20 /home/hwang/altera/11.0/nios2eds/bin/gnu/H-i686-pc-linux-gnu/bin/../lib/gcc/nios2-elf/4.1.2/mno-hw-mul/libgcc.a(_mul_df.o)
 .debug_aranges
                0x00000548       0x20 /home/hwang/altera/11.0/nios2eds/bin/gnu/H-i686-pc-linux-gnu/bin/../lib/gcc/nios2-elf/4.1.2/mno-hw-mul/libgcc.a(_div_df.o)
 .debug_aranges
                0x00000568       0x20 /home/hwang/altera/11.0/nios2eds/bin/gnu/H-i686-pc-linux-gnu/bin/../lib/gcc/nios2-elf/4.1.2/mno-hw-mul/libgcc.a(_eq_df.o)
 .debug_aranges
                0x00000588       0x20 /home/hwang/altera/11.0/nios2eds/bin/gnu/H-i686-pc-linux-gnu/bin/../lib/gcc/nios2-elf/4.1.2/mno-hw-mul/libgcc.a(_ne_df.o)
 .debug_aranges
                0x000005a8       0x20 /home/hwang/altera/11.0/nios2eds/bin/gnu/H-i686-pc-linux-gnu/bin/../lib/gcc/nios2-elf/4.1.2/mno-hw-mul/libgcc.a(_gt_df.o)
 .debug_aranges
                0x000005c8       0x20 /home/hwang/altera/11.0/nios2eds/bin/gnu/H-i686-pc-linux-gnu/bin/../lib/gcc/nios2-elf/4.1.2/mno-hw-mul/libgcc.a(_ge_df.o)
 .debug_aranges