------------------------------------------------------------
TimeQuest Timing Analyzer Summary
------------------------------------------------------------

Type  : Slow 950mV 100C Model Setup 'SUT|sonic_pma|sonic_pma_v1_01_inst|siv_xcvr_low_latency_phy_nr_inst|pma_direct|auto_generated|receive_pcs0|clkout'
Slack : -1.896
TNS   : -74.648

Type  : Slow 950mV 100C Model Setup 'SUT|sonic_pma|sonic_pma_v1_01_inst|siv_xcvr_low_latency_phy_nr_inst|pma_direct|auto_generated|transmit_pcs0|clkout'
Slack : -1.077
TNS   : -44.130

Type  : Slow 950mV 100C Model Setup 'core|ep_plus|epmap|wrapper|altpcie_hip_pipen1b_inst|stratix_iv.stratixiv_hssi_pcie_hip|coreclkout'
Slack : -0.830
TNS   : -11.002

Type  : Slow 950mV 100C Model Setup 'core|ep_plus|epmap|serdes|top_serdes_alt4gxb_80pa_component|central_clk_div0|coreclkout'
Slack : 1.190
TNS   : 0.000

Type  : Slow 950mV 100C Model Setup 'core|reconfig_pll|altpll_component|auto_generated|pll1|clk[1]'
Slack : 7.263
TNS   : 0.000

Type  : Slow 950mV 100C Model Setup 'n/a'
Slack : 10.557
TNS   : 0.000

Type  : Slow 950mV 100C Model Setup 'core|reconfig_pll|altpll_component|auto_generated|pll1|clk[0]'
Slack : 10.771
TNS   : 0.000

Type  : Slow 950mV 100C Model Setup 'altera_reserved_tck'
Slack : 45.665
TNS   : 0.000

Type  : Slow 950mV 100C Model Hold 'SUT|sonic_pma|sonic_pma_v1_01_inst|siv_xcvr_low_latency_phy_nr_inst|pma_direct|auto_generated|transmit_pcs0|clkout'
Slack : -0.735
TNS   : -38.418

Type  : Slow 950mV 100C Model Hold 'core|ep_plus|epmap|wrapper|altpcie_hip_pipen1b_inst|stratix_iv.stratixiv_hssi_pcie_hip|coreclkout'
Slack : -0.552
TNS   : -7.387

Type  : Slow 950mV 100C Model Hold 'core|reconfig_pll|altpll_component|auto_generated|pll1|clk[1]'
Slack : 0.265
TNS   : 0.000

Type  : Slow 950mV 100C Model Hold 'altera_reserved_tck'
Slack : 0.266
TNS   : 0.000

Type  : Slow 950mV 100C Model Hold 'core|reconfig_pll|altpll_component|auto_generated|pll1|clk[0]'
Slack : 0.266
TNS   : 0.000

Type  : Slow 950mV 100C Model Hold 'SUT|sonic_pma|sonic_pma_v1_01_inst|siv_xcvr_low_latency_phy_nr_inst|pma_direct|auto_generated|receive_pcs0|clkout'
Slack : 0.275
TNS   : 0.000

Type  : Slow 950mV 100C Model Hold 'core|ep_plus|epmap|serdes|top_serdes_alt4gxb_80pa_component|central_clk_div0|coreclkout'
Slack : 0.582
TNS   : 0.000

Type  : Slow 950mV 100C Model Hold 'n/a'
Slack : 1.484
TNS   : 0.000

Type  : Slow 950mV 100C Model Recovery 'SUT|sonic_pma|sonic_pma_v1_01_inst|siv_xcvr_low_latency_phy_nr_inst|pma_direct|auto_generated|receive_pcs0|clkout'
Slack : -3.845
TNS   : -774.923

Type  : Slow 950mV 100C Model Recovery 'SUT|sonic_pma|sonic_pma_v1_01_inst|siv_xcvr_low_latency_phy_nr_inst|pma_direct|auto_generated|transmit_pcs0|clkout'
Slack : -1.147
TNS   : -278.907

Type  : Slow 950mV 100C Model Recovery 'core|ep_plus|epmap|wrapper|altpcie_hip_pipen1b_inst|stratix_iv.stratixiv_hssi_pcie_hip|coreclkout'
Slack : 0.533
TNS   : 0.000

Type  : Slow 950mV 100C Model Recovery 'altera_reserved_tck'
Slack : 48.855
TNS   : 0.000

Type  : Slow 950mV 100C Model Removal 'SUT|sonic_pma|sonic_pma_v1_01_inst|siv_xcvr_low_latency_phy_nr_inst|pma_direct|auto_generated|transmit_pcs0|clkout'
Slack : -0.549
TNS   : -121.363

Type  : Slow 950mV 100C Model Removal 'core|ep_plus|epmap|wrapper|altpcie_hip_pipen1b_inst|stratix_iv.stratixiv_hssi_pcie_hip|coreclkout'
Slack : 0.457
TNS   : 0.000

Type  : Slow 950mV 100C Model Removal 'altera_reserved_tck'
Slack : 0.486
TNS   : 0.000

Type  : Slow 950mV 100C Model Removal 'SUT|sonic_pma|sonic_pma_v1_01_inst|siv_xcvr_low_latency_phy_nr_inst|pma_direct|auto_generated|receive_pcs0|clkout'
Slack : 0.963
TNS   : 0.000

Type  : Slow 950mV 100C Model Minimum Pulse Width 'core|reconfig_pll|altpll_component|auto_generated|pll1|clk[0]'
Slack : 0.000
TNS   : 0.000

Type  : Slow 950mV 100C Model Minimum Pulse Width 'core|ep_plus|epmap|serdes|top_serdes_alt4gxb_80pa_component|central_clk_div0|coreclkout'
Slack : 0.407
TNS   : 0.000

Type  : Slow 950mV 100C Model Minimum Pulse Width 'core|ep_plus|epmap|wrapper|altpcie_hip_pipen1b_inst|stratix_iv.stratixiv_hssi_pcie_hip|pllfixedclk'
Slack : 0.836
TNS   : 0.000

Type  : Slow 950mV 100C Model Minimum Pulse Width 'SUT|sonic_pma|sonic_pma_v1_01_inst|siv_xcvr_low_latency_phy_nr_inst|pma_direct|auto_generated|transmit_pma0|refclk0in[0]'
Slack : 0.930
TNS   : 0.000

Type  : Slow 950mV 100C Model Minimum Pulse Width 'SUT|sonic_pma|sonic_pma_v1_01_inst|siv_xcvr_low_latency_phy_nr_inst|pma_direct|auto_generated|receive_pma0|deserclock[0]'
Slack : 0.960
TNS   : 0.000

Type  : Slow 950mV 100C Model Minimum Pulse Width 'core|ep_plus|epmap|serdes|top_serdes_alt4gxb_80pa_component|central_clk_div0|rateswitchbaseclock'
Slack : 1.000
TNS   : 0.000

Type  : Slow 950mV 100C Model Minimum Pulse Width 'core|ep_plus|epmap|wrapper|altpcie_hip_pipen1b_inst|stratix_iv.stratixiv_hssi_pcie_hip|coreclkout'
Slack : 1.163
TNS   : 0.000

Type  : Slow 950mV 100C Model Minimum Pulse Width 'SUT|sonic_pma|sonic_pma_v1_01_inst|siv_xcvr_low_latency_phy_nr_inst|pma_direct|auto_generated|transmit_pcs0|clkout'
Slack : 1.241
TNS   : 0.000

Type  : Slow 950mV 100C Model Minimum Pulse Width 'SUT|sonic_pma|sonic_pma_v1_01_inst|siv_xcvr_low_latency_phy_nr_inst|pma_direct|auto_generated|receive_pcs0|clkout'
Slack : 1.243
TNS   : 0.000

Type  : Slow 950mV 100C Model Minimum Pulse Width 'SUT|sonic_pma|sonic_pma_v1_01_inst|siv_xcvr_low_latency_phy_nr_inst|pma_direct|auto_generated|receive_pcs0|recoveredclk'
Slack : 1.930
TNS   : 0.000

Type  : Slow 950mV 100C Model Minimum Pulse Width 'SUT|sonic_pma|sonic_pma_v1_01_inst|siv_xcvr_low_latency_phy_nr_inst|pma_direct|auto_generated|transmit_pcs0|localrefclk'
Slack : 1.930
TNS   : 0.000

Type  : Slow 950mV 100C Model Minimum Pulse Width 'core|reconfig_pll|altpll_component|auto_generated|pll1|clk[1]'
Slack : 3.427
TNS   : 0.000

Type  : Slow 950mV 100C Model Minimum Pulse Width 'free_100MHz'
Slack : 4.747
TNS   : 0.000

Type  : Slow 950mV 100C Model Minimum Pulse Width 'refclk'
Slack : 5.000
TNS   : 0.000

Type  : Slow 950mV 100C Model Minimum Pulse Width 'altera_reserved_tck'
Slack : 49.317
TNS   : 0.000

Type  : Slow 950mV 0C Model Setup 'SUT|sonic_pma|sonic_pma_v1_01_inst|siv_xcvr_low_latency_phy_nr_inst|pma_direct|auto_generated|receive_pcs0|clkout'
Slack : -1.801
TNS   : -70.794

Type  : Slow 950mV 0C Model Setup 'SUT|sonic_pma|sonic_pma_v1_01_inst|siv_xcvr_low_latency_phy_nr_inst|pma_direct|auto_generated|transmit_pcs0|clkout'
Slack : -1.031
TNS   : -40.416

Type  : Slow 950mV 0C Model Setup 'core|ep_plus|epmap|wrapper|altpcie_hip_pipen1b_inst|stratix_iv.stratixiv_hssi_pcie_hip|coreclkout'
Slack : -0.841
TNS   : -11.210

Type  : Slow 950mV 0C Model Setup 'core|ep_plus|epmap|serdes|top_serdes_alt4gxb_80pa_component|central_clk_div0|coreclkout'
Slack : 1.223
TNS   : 0.000

Type  : Slow 950mV 0C Model Setup 'core|reconfig_pll|altpll_component|auto_generated|pll1|clk[1]'
Slack : 7.295
TNS   : 0.000

Type  : Slow 950mV 0C Model Setup 'core|reconfig_pll|altpll_component|auto_generated|pll1|clk[0]'
Slack : 10.787
TNS   : 0.000

Type  : Slow 950mV 0C Model Setup 'n/a'
Slack : 11.117
TNS   : 0.000

Type  : Slow 950mV 0C Model Setup 'altera_reserved_tck'
Slack : 45.876
TNS   : 0.000

Type  : Slow 950mV 0C Model Hold 'SUT|sonic_pma|sonic_pma_v1_01_inst|siv_xcvr_low_latency_phy_nr_inst|pma_direct|auto_generated|transmit_pcs0|clkout'
Slack : -0.784
TNS   : -39.198

Type  : Slow 950mV 0C Model Hold 'core|ep_plus|epmap|wrapper|altpcie_hip_pipen1b_inst|stratix_iv.stratixiv_hssi_pcie_hip|coreclkout'
Slack : -0.503
TNS   : -6.727

Type  : Slow 950mV 0C Model Hold 'SUT|sonic_pma|sonic_pma_v1_01_inst|siv_xcvr_low_latency_phy_nr_inst|pma_direct|auto_generated|receive_pcs0|clkout'
Slack : 0.229
TNS   : 0.000

Type  : Slow 950mV 0C Model Hold 'altera_reserved_tck'
Slack : 0.264
TNS   : 0.000

Type  : Slow 950mV 0C Model Hold 'core|reconfig_pll|altpll_component|auto_generated|pll1|clk[0]'
Slack : 0.264
TNS   : 0.000

Type  : Slow 950mV 0C Model Hold 'core|reconfig_pll|altpll_component|auto_generated|pll1|clk[1]'
Slack : 0.264
TNS   : 0.000

Type  : Slow 950mV 0C Model Hold 'core|ep_plus|epmap|serdes|top_serdes_alt4gxb_80pa_component|central_clk_div0|coreclkout'
Slack : 0.555
TNS   : 0.000

Type  : Slow 950mV 0C Model Hold 'n/a'
Slack : 1.440
TNS   : 0.000

Type  : Slow 950mV 0C Model Recovery 'SUT|sonic_pma|sonic_pma_v1_01_inst|siv_xcvr_low_latency_phy_nr_inst|pma_direct|auto_generated|receive_pcs0|clkout'
Slack : -3.606
TNS   : -728.113

Type  : Slow 950mV 0C Model Recovery 'SUT|sonic_pma|sonic_pma_v1_01_inst|siv_xcvr_low_latency_phy_nr_inst|pma_direct|auto_generated|transmit_pcs0|clkout'
Slack : -1.025
TNS   : -251.160

Type  : Slow 950mV 0C Model Recovery 'core|ep_plus|epmap|wrapper|altpcie_hip_pipen1b_inst|stratix_iv.stratixiv_hssi_pcie_hip|coreclkout'
Slack : 0.736
TNS   : 0.000

Type  : Slow 950mV 0C Model Recovery 'altera_reserved_tck'
Slack : 48.851
TNS   : 0.000

Type  : Slow 950mV 0C Model Removal 'SUT|sonic_pma|sonic_pma_v1_01_inst|siv_xcvr_low_latency_phy_nr_inst|pma_direct|auto_generated|transmit_pcs0|clkout'
Slack : -0.554
TNS   : -126.981

Type  : Slow 950mV 0C Model Removal 'core|ep_plus|epmap|wrapper|altpcie_hip_pipen1b_inst|stratix_iv.stratixiv_hssi_pcie_hip|coreclkout'
Slack : 0.441
TNS   : 0.000

Type  : Slow 950mV 0C Model Removal 'altera_reserved_tck'
Slack : 0.467
TNS   : 0.000

Type  : Slow 950mV 0C Model Removal 'SUT|sonic_pma|sonic_pma_v1_01_inst|siv_xcvr_low_latency_phy_nr_inst|pma_direct|auto_generated|receive_pcs0|clkout'
Slack : 0.837
TNS   : 0.000

Type  : Slow 950mV 0C Model Minimum Pulse Width 'core|reconfig_pll|altpll_component|auto_generated|pll1|clk[0]'
Slack : 0.000
TNS   : 0.000

Type  : Slow 950mV 0C Model Minimum Pulse Width 'core|ep_plus|epmap|serdes|top_serdes_alt4gxb_80pa_component|central_clk_div0|coreclkout'
Slack : 0.397
TNS   : 0.000

Type  : Slow 950mV 0C Model Minimum Pulse Width 'core|ep_plus|epmap|wrapper|altpcie_hip_pipen1b_inst|stratix_iv.stratixiv_hssi_pcie_hip|pllfixedclk'
Slack : 0.811
TNS   : 0.000

Type  : Slow 950mV 0C Model Minimum Pulse Width 'SUT|sonic_pma|sonic_pma_v1_01_inst|siv_xcvr_low_latency_phy_nr_inst|pma_direct|auto_generated|transmit_pma0|refclk0in[0]'
Slack : 0.931
TNS   : 0.000

Type  : Slow 950mV 0C Model Minimum Pulse Width 'SUT|sonic_pma|sonic_pma_v1_01_inst|siv_xcvr_low_latency_phy_nr_inst|pma_direct|auto_generated|receive_pma0|deserclock[0]'
Slack : 0.959
TNS   : 0.000

Type  : Slow 950mV 0C Model Minimum Pulse Width 'core|ep_plus|epmap|serdes|top_serdes_alt4gxb_80pa_component|central_clk_div0|rateswitchbaseclock'
Slack : 1.000
TNS   : 0.000

Type  : Slow 950mV 0C Model Minimum Pulse Width 'core|ep_plus|epmap|wrapper|altpcie_hip_pipen1b_inst|stratix_iv.stratixiv_hssi_pcie_hip|coreclkout'
Slack : 1.214
TNS   : 0.000

Type  : Slow 950mV 0C Model Minimum Pulse Width 'SUT|sonic_pma|sonic_pma_v1_01_inst|siv_xcvr_low_latency_phy_nr_inst|pma_direct|auto_generated|receive_pcs0|clkout'
Slack : 1.229
TNS   : 0.000

Type  : Slow 950mV 0C Model Minimum Pulse Width 'SUT|sonic_pma|sonic_pma_v1_01_inst|siv_xcvr_low_latency_phy_nr_inst|pma_direct|auto_generated|transmit_pcs0|clkout'
Slack : 1.268
TNS   : 0.000

Type  : Slow 950mV 0C Model Minimum Pulse Width 'SUT|sonic_pma|sonic_pma_v1_01_inst|siv_xcvr_low_latency_phy_nr_inst|pma_direct|auto_generated|receive_pcs0|recoveredclk'
Slack : 1.930
TNS   : 0.000

Type  : Slow 950mV 0C Model Minimum Pulse Width 'SUT|sonic_pma|sonic_pma_v1_01_inst|siv_xcvr_low_latency_phy_nr_inst|pma_direct|auto_generated|transmit_pcs0|localrefclk'
Slack : 1.930
TNS   : 0.000

Type  : Slow 950mV 0C Model Minimum Pulse Width 'core|reconfig_pll|altpll_component|auto_generated|pll1|clk[1]'
Slack : 3.435
TNS   : 0.000

Type  : Slow 950mV 0C Model Minimum Pulse Width 'free_100MHz'
Slack : 4.748
TNS   : 0.000

Type  : Slow 950mV 0C Model Minimum Pulse Width 'refclk'
Slack : 5.000
TNS   : 0.000

Type  : Slow 950mV 0C Model Minimum Pulse Width 'altera_reserved_tck'
Slack : 49.258
TNS   : 0.000

Type  : Fast 950mV 0C Model Setup 'SUT|sonic_pma|sonic_pma_v1_01_inst|siv_xcvr_low_latency_phy_nr_inst|pma_direct|auto_generated|receive_pcs0|clkout'
Slack : -1.212
TNS   : -48.334

Type  : Fast 950mV 0C Model Setup 'SUT|sonic_pma|sonic_pma_v1_01_inst|siv_xcvr_low_latency_phy_nr_inst|pma_direct|auto_generated|transmit_pcs0|clkout'
Slack : -0.706
TNS   : -30.004

Type  : Fast 950mV 0C Model Setup 'core|ep_plus|epmap|wrapper|altpcie_hip_pipen1b_inst|stratix_iv.stratixiv_hssi_pcie_hip|coreclkout'
Slack : -0.389
TNS   : -5.028

Type  : Fast 950mV 0C Model Setup 'core|ep_plus|epmap|serdes|top_serdes_alt4gxb_80pa_component|central_clk_div0|coreclkout'
Slack : 1.569
TNS   : 0.000

Type  : Fast 950mV 0C Model Setup 'core|reconfig_pll|altpll_component|auto_generated|pll1|clk[1]'
Slack : 7.597
TNS   : 0.000

Type  : Fast 950mV 0C Model Setup 'n/a'
Slack : 13.923
TNS   : 0.000

Type  : Fast 950mV 0C Model Setup 'core|reconfig_pll|altpll_component|auto_generated|pll1|clk[0]'
Slack : 15.249
TNS   : 0.000

Type  : Fast 950mV 0C Model Setup 'altera_reserved_tck'
Slack : 47.672
TNS   : 0.000

Type  : Fast 950mV 0C Model Hold 'core|ep_plus|epmap|wrapper|altpcie_hip_pipen1b_inst|stratix_iv.stratixiv_hssi_pcie_hip|coreclkout'
Slack : -0.541
TNS   : -7.347

Type  : Fast 950mV 0C Model Hold 'SUT|sonic_pma|sonic_pma_v1_01_inst|siv_xcvr_low_latency_phy_nr_inst|pma_direct|auto_generated|transmit_pcs0|clkout'
Slack : -0.457
TNS   : -23.562

Type  : Fast 950mV 0C Model Hold 'altera_reserved_tck'
Slack : 0.153
TNS   : 0.000

Type  : Fast 950mV 0C Model Hold 'core|reconfig_pll|altpll_component|auto_generated|pll1|clk[1]'
Slack : 0.153
TNS   : 0.000

Type  : Fast 950mV 0C Model Hold 'core|reconfig_pll|altpll_component|auto_generated|pll1|clk[0]'
Slack : 0.154
TNS   : 0.000

Type  : Fast 950mV 0C Model Hold 'SUT|sonic_pma|sonic_pma_v1_01_inst|siv_xcvr_low_latency_phy_nr_inst|pma_direct|auto_generated|receive_pcs0|clkout'
Slack : 0.175
TNS   : 0.000

Type  : Fast 950mV 0C Model Hold 'core|ep_plus|epmap|serdes|top_serdes_alt4gxb_80pa_component|central_clk_div0|coreclkout'
Slack : 0.317
TNS   : 0.000

Type  : Fast 950mV 0C Model Hold 'n/a'
Slack : 0.892
TNS   : 0.000

Type  : Fast 950mV 0C Model Recovery 'SUT|sonic_pma|sonic_pma_v1_01_inst|siv_xcvr_low_latency_phy_nr_inst|pma_direct|auto_generated|receive_pcs0|clkout'
Slack : -2.583
TNS   : -525.273

Type  : Fast 950mV 0C Model Recovery 'SUT|sonic_pma|sonic_pma_v1_01_inst|siv_xcvr_low_latency_phy_nr_inst|pma_direct|auto_generated|transmit_pcs0|clkout'
Slack : -0.816
TNS   : -199.040

Type  : Fast 950mV 0C Model Recovery 'core|ep_plus|epmap|wrapper|altpcie_hip_pipen1b_inst|stratix_iv.stratixiv_hssi_pcie_hip|coreclkout'
Slack : 1.812
TNS   : 0.000

Type  : Fast 950mV 0C Model Recovery 'altera_reserved_tck'
Slack : 49.612
TNS   : 0.000

Type  : Fast 950mV 0C Model Removal 'SUT|sonic_pma|sonic_pma_v1_01_inst|siv_xcvr_low_latency_phy_nr_inst|pma_direct|auto_generated|transmit_pcs0|clkout'
Slack : -0.305
TNS   : -66.786

Type  : Fast 950mV 0C Model Removal 'core|ep_plus|epmap|wrapper|altpcie_hip_pipen1b_inst|stratix_iv.stratixiv_hssi_pcie_hip|coreclkout'
Slack : 0.265
TNS   : 0.000

Type  : Fast 950mV 0C Model Removal 'altera_reserved_tck'
Slack : 0.277
TNS   : 0.000

Type  : Fast 950mV 0C Model Removal 'SUT|sonic_pma|sonic_pma_v1_01_inst|siv_xcvr_low_latency_phy_nr_inst|pma_direct|auto_generated|receive_pcs0|clkout'
Slack : 0.682
TNS   : 0.000

Type  : Fast 950mV 0C Model Minimum Pulse Width 'core|reconfig_pll|altpll_component|auto_generated|pll1|clk[0]'
Slack : 0.000
TNS   : 0.000

Type  : Fast 950mV 0C Model Minimum Pulse Width 'core|ep_plus|epmap|serdes|top_serdes_alt4gxb_80pa_component|central_clk_div0|coreclkout'
Slack : 0.615
TNS   : 0.000

Type  : Fast 950mV 0C Model Minimum Pulse Width 'core|ep_plus|epmap|wrapper|altpcie_hip_pipen1b_inst|stratix_iv.stratixiv_hssi_pcie_hip|pllfixedclk'
Slack : 0.901
TNS   : 0.000

Type  : Fast 950mV 0C Model Minimum Pulse Width 'SUT|sonic_pma|sonic_pma_v1_01_inst|siv_xcvr_low_latency_phy_nr_inst|pma_direct|auto_generated|transmit_pma0|refclk0in[0]'
Slack : 0.945
TNS   : 0.000

Type  : Fast 950mV 0C Model Minimum Pulse Width 'SUT|sonic_pma|sonic_pma_v1_01_inst|siv_xcvr_low_latency_phy_nr_inst|pma_direct|auto_generated|receive_pma0|deserclock[0]'
Slack : 0.964
TNS   : 0.000

Type  : Fast 950mV 0C Model Minimum Pulse Width 'core|ep_plus|epmap|serdes|top_serdes_alt4gxb_80pa_component|central_clk_div0|rateswitchbaseclock'
Slack : 1.000
TNS   : 0.000

Type  : Fast 950mV 0C Model Minimum Pulse Width 'core|ep_plus|epmap|wrapper|altpcie_hip_pipen1b_inst|stratix_iv.stratixiv_hssi_pcie_hip|coreclkout'
Slack : 1.137
TNS   : 0.000

Type  : Fast 950mV 0C Model Minimum Pulse Width 'SUT|sonic_pma|sonic_pma_v1_01_inst|siv_xcvr_low_latency_phy_nr_inst|pma_direct|auto_generated|transmit_pcs0|clkout'
Slack : 1.192
TNS   : 0.000

Type  : Fast 950mV 0C Model Minimum Pulse Width 'SUT|sonic_pma|sonic_pma_v1_01_inst|siv_xcvr_low_latency_phy_nr_inst|pma_direct|auto_generated|receive_pcs0|clkout'
Slack : 1.213
TNS   : 0.000

Type  : Fast 950mV 0C Model Minimum Pulse Width 'SUT|sonic_pma|sonic_pma_v1_01_inst|siv_xcvr_low_latency_phy_nr_inst|pma_direct|auto_generated|receive_pcs0|recoveredclk'
Slack : 1.930
TNS   : 0.000

Type  : Fast 950mV 0C Model Minimum Pulse Width 'SUT|sonic_pma|sonic_pma_v1_01_inst|siv_xcvr_low_latency_phy_nr_inst|pma_direct|auto_generated|transmit_pcs0|localrefclk'
Slack : 1.930
TNS   : 0.000

Type  : Fast 950mV 0C Model Minimum Pulse Width 'core|reconfig_pll|altpll_component|auto_generated|pll1|clk[1]'
Slack : 3.622
TNS   : 0.000

Type  : Fast 950mV 0C Model Minimum Pulse Width 'free_100MHz'
Slack : 4.862
TNS   : 0.000

Type  : Fast 950mV 0C Model Minimum Pulse Width 'refclk'
Slack : 5.000
TNS   : 0.000

Type  : Fast 950mV 0C Model Minimum Pulse Width 'altera_reserved_tck'
Slack : 49.131
TNS   : 0.000

------------------------------------------------------------
